INFO:    gocryptfs not found, will not be able to use gocryptfs
===== raw nvcc pre-check (CUTLASS headers WITHOUT torch headers) =====
--- nvcc version ---
nvcc: NVIDIA (R) Cuda compiler driver
Copyright (c) 2005-2025 NVIDIA Corporation
Built on Fri_Nov__7_07:23:37_PM_PST_2025
Cuda compilation tools, release 13.1, V13.1.80
Build cuda_13.1.r13.1/compiler.36836380_0
/usr/bin/bash: line 8: /usr/bin/time: No such file or directory
raw nvcc exit: 127

===== torch cpp_extension build + gate 0b =====
NVIDIA GeForce RTX 4090 | torch 2.13.0+cu130 | torch.version.cuda 13.0
cutlass clone: /work/.cutlass

=== GATE 0a: compile ===
[1/3] /usr/local/cuda/bin/nvcc -MD -MF g4_6_cutlass_stock.cuda.o.d -DTORCH_EXTENSION_NAME=g4_6_cutlass_stock -DTORCH_API_INCLUDE_EXTENSION_H -I/work/.cutlass/include -I/work/.cutlass/tools/util/include -isystem /usr/local/lib/python3.12/dist-packages/torch/include -isystem /usr/local/lib/python3.12/dist-packages/torch/include/torch/csrc/api/include -isystem /usr/local/cuda/include -isystem /usr/include/python3.12 -D__CUDA_NO_HALF_OPERATORS__ -D__CUDA_NO_HALF_CONVERSIONS__ -D__CUDA_NO_BFLOAT16_CONVERSIONS__ -D__CUDA_NO_HALF2_OPERATORS__ --expt-relaxed-constexpr --compiler-options '-fPIC' -gencode=arch=compute_89,code=sm_89 --expt-relaxed-constexpr --expt-extended-lambda -DCUTLASS_ENABLE_TENSOR_CORE_MMA=1 -Xptxas -v -std=c++20 -c /work/csrc/g4_6_cutlass_stock.cu -o g4_6_cutlass_stock.cuda.o 
FAILED: g4_6_cutlass_stock.cuda.o 
/usr/local/cuda/bin/nvcc -MD -MF g4_6_cutlass_stock.cuda.o.d -DTORCH_EXTENSION_NAME=g4_6_cutlass_stock -DTORCH_API_INCLUDE_EXTENSION_H -I/work/.cutlass/include -I/work/.cutlass/tools/util/include -isystem /usr/local/lib/python3.12/dist-packages/torch/include -isystem /usr/local/lib/python3.12/dist-packages/torch/include/torch/csrc/api/include -isystem /usr/local/cuda/include -isystem /usr/include/python3.12 -D__CUDA_NO_HALF_OPERATORS__ -D__CUDA_NO_HALF_CONVERSIONS__ -D__CUDA_NO_BFLOAT16_CONVERSIONS__ -D__CUDA_NO_HALF2_OPERATORS__ --expt-relaxed-constexpr --compiler-options '-fPIC' -gencode=arch=compute_89,code=sm_89 --expt-relaxed-constexpr --expt-extended-lambda -DCUTLASS_ENABLE_TENSOR_CORE_MMA=1 -Xptxas -v -std=c++20 -c /work/csrc/g4_6_cutlass_stock.cu -o g4_6_cutlass_stock.cuda.o 
/work/csrc/g4_6_cutlass_stock.cu(96): error: identifier "CUTLASS_MAJOR" is undefined
  int cutlass_version_major() { return CUTLASS_MAJOR; }
                                       ^

/work/csrc/g4_6_cutlass_stock.cu(97): error: identifier "CUTLASS_MINOR" is undefined
  int cutlass_version_minor() { return CUTLASS_MINOR; }
                                       ^

/work/csrc/g4_6_cutlass_stock.cu(98): error: identifier "CUTLASS_PATCH" is undefined
  int cutlass_version_patch() { return CUTLASS_PATCH; }
                                       ^

3 errors detected in the compilation of "/work/csrc/g4_6_cutlass_stock.cu".
[2/3] c++ -MMD -MF g4_6_cutlass_stock.o.d -DTORCH_EXTENSION_NAME=g4_6_cutlass_stock -DTORCH_API_INCLUDE_EXTENSION_H -I/work/.cutlass/include -I/work/.cutlass/tools/util/include -isystem /usr/local/lib/python3.12/dist-packages/torch/include -isystem /usr/local/lib/python3.12/dist-packages/torch/include/torch/csrc/api/include -isystem /usr/local/cuda/include -isystem /usr/include/python3.12 -fPIC -std=c++20 -c /work/csrc/g4_6_cutlass_stock.cpp -o g4_6_cutlass_stock.o 
ninja: build stopped: subcommand failed.
GATE 0a FAILED -- CUTLASS does not compile on this toolchain.
exception type: RuntimeError
Error building extension 'g4_6_cutlass_stock'

G4.6 VERDICT: PHASE 0 NEGATIVE (toolchain).
probe exit: 1
