INFO:    gocryptfs not found, will not be able to use gocryptfs
===== raw nvcc pre-check (CUTLASS headers WITHOUT torch headers) =====
--- nvcc version ---
nvcc: NVIDIA (R) Cuda compiler driver
Copyright (c) 2005-2025 NVIDIA Corporation
Built on Fri_Nov__7_07:23:37_PM_PST_2025
Cuda compilation tools, release 13.1, V13.1.80
Build cuda_13.1.r13.1/compiler.36836380_0
ptxas info    : 11 bytes gmem, 88 bytes cmem[4]
ptxas info    : Compiling entry function '_ZN7cutlass6KernelINS_4gemm6kernel4GemmINS1_11threadblock12MmaPipelinedINS1_9GemmShapeILi128ELi128ELi32EEENS_9transform11threadblock22PredicatedTileIteratorINS_11MatrixShapeILi128ELi32EEENS_6half_tENS_6layout8RowMajorELi1ENS8_29PitchLinearWarpRakedThreadMapINS_16PitchLinearShapeILi32ELi128EEELi128ENSH_ILi4ELi8EEELi8EEELi8ELb0ENSE_9NoPermuteEEENS9_19RegularTileIteratorISC_SD_NSE_37RowMajorTensorOpMultiplicandCrosswiseILi16ELi32EEELi0ESK_Li16EEENSA_INSB_ILi32ELi128EEESD_SF_Li0ENSG_INSH_ILi128ELi32EEELi128ENSH_ILi8ELi4EEELi8EEELi8ELb0ESL_EENSN_ISR_SD_NSE_37RowMajorTensorOpMultiplicandCongruousILi16ELi64EEELi0ESU_Li16EEEfSF_NS4_9MmaPolicyINS1_4warp11MmaTensorOpINS6_ILi64ELi64ELi32EEESD_SP_SD_SX_fSF_NS10_17MmaTensorOpPolicyINS_4arch3MmaINS6_ILi16ELi8ELi8EEELi32ESD_SF_SD_NSE_11ColumnMajorEfSF_NS14_13OpMultiplyAddEEENSB_ILi1ELi1EEEEELi1ELb0EbEENSB_ILi0ELi0EEES1D_Li1EEENS_21NumericArrayConverterISD_SD_Li32ELNS_15FloatRoundStyleE2ENS8_6thread14UnaryTransform8IdentityEEES1K_bEENS_8epilogue11threadblock8EpilogueIS7_S1C_Li1ENS1N_22PredicatedTileIteratorINS1N_26OutputTileOptimalThreadMapINS1N_15OutputTileShapeILi128ELi8ELi2ELi1ELi1EEENS1R_ILi1ELi8ELi1ELi1ELi8EEELi128ELi4ELi32EEEfLb0ESL_Lb0EEENS1M_4warp24FragmentIteratorTensorOpIS12_S16_fNS_5ArrayIfLi4ELb1EEESF_EENS1W_20TileIteratorTensorOpIS12_S16_fSF_EENS1N_18SharedLoadIteratorINS1U_18CompactedThreadMapEfLi16EEENS1M_6thread21LinearCombinationReluIfLi4EffLNS26_9ScaleType4KindE1ELS1G_2EEENSB_ILi0ELi8EEELi2ELi1EEENS4_30GemmIdentityThreadblockSwizzleILi1EEELb0EEEEEvNT_6ParamsE' for 'sm_89'
ptxas info    : Function properties for _ZN7cutlass6KernelINS_4gemm6kernel4GemmINS1_11threadblock12MmaPipelinedINS1_9GemmShapeILi128ELi128ELi32EEENS_9transform11threadblock22PredicatedTileIteratorINS_11MatrixShapeILi128ELi32EEENS_6half_tENS_6layout8RowMajorELi1ENS8_29PitchLinearWarpRakedThreadMapINS_16PitchLinearShapeILi32ELi128EEELi128ENSH_ILi4ELi8EEELi8EEELi8ELb0ENSE_9NoPermuteEEENS9_19RegularTileIteratorISC_SD_NSE_37RowMajorTensorOpMultiplicandCrosswiseILi16ELi32EEELi0ESK_Li16EEENSA_INSB_ILi32ELi128EEESD_SF_Li0ENSG_INSH_ILi128ELi32EEELi128ENSH_ILi8ELi4EEELi8EEELi8ELb0ESL_EENSN_ISR_SD_NSE_37RowMajorTensorOpMultiplicandCongruousILi16ELi64EEELi0ESU_Li16EEEfSF_NS4_9MmaPolicyINS1_4warp11MmaTensorOpINS6_ILi64ELi64ELi32EEESD_SP_SD_SX_fSF_NS10_17MmaTensorOpPolicyINS_4arch3MmaINS6_ILi16ELi8ELi8EEELi32ESD_SF_SD_NSE_11ColumnMajorEfSF_NS14_13OpMultiplyAddEEENSB_ILi1ELi1EEEEELi1ELb0EbEENSB_ILi0ELi0EEES1D_Li1EEENS_21NumericArrayConverterISD_SD_Li32ELNS_15FloatRoundStyleE2ENS8_6thread14UnaryTransform8IdentityEEES1K_bEENS_8epilogue11threadblock8EpilogueIS7_S1C_Li1ENS1N_22PredicatedTileIteratorINS1N_26OutputTileOptimalThreadMapINS1N_15OutputTileShapeILi128ELi8ELi2ELi1ELi1EEENS1R_ILi1ELi8ELi1ELi1ELi8EEELi128ELi4ELi32EEEfLb0ESL_Lb0EEENS1M_4warp24FragmentIteratorTensorOpIS12_S16_fNS_5ArrayIfLi4ELb1EEESF_EENS1W_20TileIteratorTensorOpIS12_S16_fSF_EENS1N_18SharedLoadIteratorINS1U_18CompactedThreadMapEfLi16EEENS1M_6thread21LinearCombinationReluIfLi4EffLNS26_9ScaleType4KindE1ELS1G_2EEENSB_ILi0ELi8EEELi2ELi1EEENS4_30GemmIdentityThreadblockSwizzleILi1EEELb0EEEEEvNT_6ParamsE
    0 bytes stack frame, 0 bytes spill stores, 0 bytes spill loads
ptxas info    : Used 224 registers, used 1 barriers, 712 bytes cmem[0]
ptxas info    : Compile time = 157.327 ms
raw nvcc exit: 0   wall: 5 s

===== torch cpp_extension build + gate 0b =====
NVIDIA GeForce RTX 4090 | torch 2.13.0+cu130 | torch.version.cuda 13.0
cutlass clone: /work/.cutlass

=== GATE 0a: compile ===
[1/2] /usr/local/cuda/bin/nvcc -MD -MF g4_6_cutlass_stock.cuda.o.d -DTORCH_EXTENSION_NAME=g4_6_cutlass_stock -DTORCH_API_INCLUDE_EXTENSION_H -I/work/.cutlass/include -I/work/.cutlass/tools/util/include -isystem /usr/local/lib/python3.12/dist-packages/torch/include -isystem /usr/local/lib/python3.12/dist-packages/torch/include/torch/csrc/api/include -isystem /usr/local/cuda/include -isystem /usr/include/python3.12 -D__CUDA_NO_HALF_OPERATORS__ -D__CUDA_NO_HALF_CONVERSIONS__ -D__CUDA_NO_BFLOAT16_CONVERSIONS__ -D__CUDA_NO_HALF2_OPERATORS__ --expt-relaxed-constexpr --compiler-options '-fPIC' -gencode=arch=compute_89,code=sm_89 --expt-relaxed-constexpr --expt-extended-lambda -DCUTLASS_ENABLE_TENSOR_CORE_MMA=1 -Xptxas -v -std=c++20 -c /work/csrc/g4_6_cutlass_stock.cu -o g4_6_cutlass_stock.cuda.o 
ptxas info    : 11 bytes gmem, 88 bytes cmem[4]
ptxas info    : Compiling entry function '_ZN7cutlass6KernelINS_4gemm6kernel4GemmINS1_11threadblock12MmaPipelinedINS1_9GemmShapeILi128ELi128ELi32EEENS_9transform11threadblock22PredicatedTileIteratorINS_11MatrixShapeILi128ELi32EEENS_6half_tENS_6layout8RowMajorELi1ENS8_29PitchLinearWarpRakedThreadMapINS_16PitchLinearShapeILi32ELi128EEELi128ENSH_ILi4ELi8EEELi8EEELi8ELb0ENSE_9NoPermuteEEENS9_19RegularTileIteratorISC_SD_NSE_37RowMajorTensorOpMultiplicandCrosswiseILi16ELi32EEELi0ESK_Li16EEENSA_INSB_ILi32ELi128EEESD_SF_Li0ENSG_INSH_ILi128ELi32EEELi128ENSH_ILi8ELi4EEELi8EEELi8ELb0ESL_EENSN_ISR_SD_NSE_37RowMajorTensorOpMultiplicandCongruousILi16ELi64EEELi0ESU_Li16EEEfSF_NS4_9MmaPolicyINS1_4warp11MmaTensorOpINS6_ILi64ELi64ELi32EEESD_SP_SD_SX_fSF_NS10_17MmaTensorOpPolicyINS_4arch3MmaINS6_ILi16ELi8ELi8EEELi32ESD_SF_SD_NSE_11ColumnMajorEfSF_NS14_13OpMultiplyAddEEENSB_ILi1ELi1EEEEELi1ELb0EbEENSB_ILi0ELi0EEES1D_Li1EEENS_21NumericArrayConverterISD_SD_Li32ELNS_15FloatRoundStyleE2ENS8_6thread14UnaryTransform8IdentityEEES1K_bEENS_8epilogue11threadblock8EpilogueIS7_S1C_Li1ENS1N_22PredicatedTileIteratorINS1N_26OutputTileOptimalThreadMapINS1N_15OutputTileShapeILi128ELi8ELi2ELi1ELi1EEENS1R_ILi1ELi8ELi1ELi1ELi8EEELi128ELi4ELi32EEEfLb0ESL_Lb0EEENS1M_4warp24FragmentIteratorTensorOpIS12_S16_fNS_5ArrayIfLi4ELb1EEESF_EENS1W_20TileIteratorTensorOpIS12_S16_fSF_EENS1N_18SharedLoadIteratorINS1U_18CompactedThreadMapEfLi16EEENS1M_6thread21LinearCombinationReluIfLi4EffLNS26_9ScaleType4KindE1ELS1G_2EEENSB_ILi0ELi8EEELi2ELi1EEENS4_30GemmIdentityThreadblockSwizzleILi1EEELb0EEEEEvNT_6ParamsE' for 'sm_89'
ptxas info    : Function properties for _ZN7cutlass6KernelINS_4gemm6kernel4GemmINS1_11threadblock12MmaPipelinedINS1_9GemmShapeILi128ELi128ELi32EEENS_9transform11threadblock22PredicatedTileIteratorINS_11MatrixShapeILi128ELi32EEENS_6half_tENS_6layout8RowMajorELi1ENS8_29PitchLinearWarpRakedThreadMapINS_16PitchLinearShapeILi32ELi128EEELi128ENSH_ILi4ELi8EEELi8EEELi8ELb0ENSE_9NoPermuteEEENS9_19RegularTileIteratorISC_SD_NSE_37RowMajorTensorOpMultiplicandCrosswiseILi16ELi32EEELi0ESK_Li16EEENSA_INSB_ILi32ELi128EEESD_SF_Li0ENSG_INSH_ILi128ELi32EEELi128ENSH_ILi8ELi4EEELi8EEELi8ELb0ESL_EENSN_ISR_SD_NSE_37RowMajorTensorOpMultiplicandCongruousILi16ELi64EEELi0ESU_Li16EEEfSF_NS4_9MmaPolicyINS1_4warp11MmaTensorOpINS6_ILi64ELi64ELi32EEESD_SP_SD_SX_fSF_NS10_17MmaTensorOpPolicyINS_4arch3MmaINS6_ILi16ELi8ELi8EEELi32ESD_SF_SD_NSE_11ColumnMajorEfSF_NS14_13OpMultiplyAddEEENSB_ILi1ELi1EEEEELi1ELb0EbEENSB_ILi0ELi0EEES1D_Li1EEENS_21NumericArrayConverterISD_SD_Li32ELNS_15FloatRoundStyleE2ENS8_6thread14UnaryTransform8IdentityEEES1K_bEENS_8epilogue11threadblock8EpilogueIS7_S1C_Li1ENS1N_22PredicatedTileIteratorINS1N_26OutputTileOptimalThreadMapINS1N_15OutputTileShapeILi128ELi8ELi2ELi1ELi1EEENS1R_ILi1ELi8ELi1ELi1ELi8EEELi128ELi4ELi32EEEfLb0ESL_Lb0EEENS1M_4warp24FragmentIteratorTensorOpIS12_S16_fNS_5ArrayIfLi4ELb1EEESF_EENS1W_20TileIteratorTensorOpIS12_S16_fSF_EENS1N_18SharedLoadIteratorINS1U_18CompactedThreadMapEfLi16EEENS1M_6thread21LinearCombinationReluIfLi4EffLNS26_9ScaleType4KindE1ELS1G_2EEENSB_ILi0ELi8EEELi2ELi1EEENS4_30GemmIdentityThreadblockSwizzleILi1EEELb0EEEEEvNT_6ParamsE
    0 bytes stack frame, 0 bytes spill stores, 0 bytes spill loads
ptxas info    : Used 224 registers, used 1 barriers, 712 bytes cmem[0]
ptxas info    : Compile time = 107.558 ms
[2/2] c++ g4_6_cutlass_stock.o g4_6_cutlass_stock.cuda.o -shared -L/usr/local/lib/python3.12/dist-packages/torch/lib -lc10 -lc10_cuda -ltorch_cpu -ltorch_cuda -ltorch -ltorch_python -L/usr/local/cuda/lib64 -lcudart -o g4_6_cutlass_stock.so
GATE 0a PASS -- compiled in 4.5s (0.08 min), CUTLASS 4.7.1

=== GATE 0b: runs sanely ===
  M=N=K=256; get_workspace_size = 0 bytes
Traceback (most recent call last):
  File "/work/probes/g4_6_cutlass_stage0.py", line 153, in <module>
    sys.exit(main())
             ^^^^^^
  File "/work/probes/g4_6_cutlass_stage0.py", line 103, in main
    mm = torch.arange(M, device=dev).view(M, 1)
         ^^^^^^^^^^^^^^^^^^^^^^^^^^^
torch.AcceleratorError: CUDA error: an illegal memory access was encountered
Search for `cudaErrorIllegalAddress' in https://docs.nvidia.com/cuda/cuda-runtime-api/group__CUDART__TYPES.html for more information.
CUDA kernel errors might be asynchronously reported at some other API call, so the stacktrace below might be incorrect.
For debugging consider passing CUDA_LAUNCH_BLOCKING=1

probe exit: 1
