INFO:    gocryptfs not found, will not be able to use gocryptfs
=== tiny ===
  m= 3  max_abs_max=0.118021  max_abs_mean=0.105345  true_failures=20/20
  m= 4  max_abs_max=0.060463  max_abs_mean=0.054112  true_failures=20/20
  m= 5  max_abs_max=0.030911  max_abs_mean=0.027275  true_failures=20/20
  m= 6  max_abs_max=0.015747  max_abs_mean=0.013682  true_failures=20/20
  m= 7  max_abs_max=0.007216  max_abs_mean=0.006775  true_failures=20/20
  m= 8  max_abs_max=0.004152  max_abs_mean=0.003626  true_failures=20/20
  m= 9  max_abs_max=0.002305  max_abs_mean=0.002018  true_failures=20/20
  m=10  max_abs_max=0.000705  max_abs_mean=0.000575  true_failures=0/20
  m=11  max_abs_max=0.002008  max_abs_mean=0.001893  true_failures=20/20
  m=12  max_abs_max=0.001512  max_abs_mean=0.001293  true_failures=20/20
  ANCHOR m=8  : 0.004152 (expect ~1.1e-2, ratio=0.38x)
  ANCHOR m=11 : 0.002008 (expect ~7e-4, ratio=2.87x)

=== default ===
  m= 3  max_abs_max=0.131824  max_abs_mean=0.122085  true_failures=20/20
  m= 4  max_abs_max=0.073015  max_abs_mean=0.063953  true_failures=20/20
  m= 5  max_abs_max=0.035046  max_abs_mean=0.030870  true_failures=20/20
  m= 6  max_abs_max=0.016961  max_abs_mean=0.015545  true_failures=20/20
  m= 7  max_abs_max=0.008666  max_abs_mean=0.007887  true_failures=20/20
  m= 8  max_abs_max=0.004461  max_abs_mean=0.004134  true_failures=20/20
  m= 9  max_abs_max=0.002540  max_abs_mean=0.002338  true_failures=20/20
  m=10  max_abs_max=0.000715  max_abs_mean=0.000625  true_failures=0/20
  m=11  max_abs_max=0.002330  max_abs_mean=0.002169  true_failures=20/20
  m=12  max_abs_max=0.001638  max_abs_mean=0.001473  true_failures=20/20
  ANCHOR m=8  : 0.004461 (expect ~1.1e-2, ratio=0.41x)
  ANCHOR m=11 : 0.002330 (expect ~7e-4, ratio=3.33x)

