INFO:    gocryptfs not found, will not be able to use gocryptfs
NVIDIA GeForce RTX 4090 | torch 2.13.0+cu130
ext available: True

########## PART C: isolated ffn_in M=8192 K=512 N=2048, fair ##########
  run71-style eager loop: F.linear(bias)     264.98 us
                          F.linear(nobias)   248.00 us
                          best lt algo[3]    245.75 us   x1.0783 vs bias / x1.0092 vs nobias

  CUDA-graph replay : F.linear   244.49 us | lt   244.46 us   x1.0001
  profiler kernel   : F.linear   246.32 us | lt   246.11 us   x1.0009
  maxdiff 0.000e+00
  F.linear kernels:
       246.32 us  void cutlass::Kernel2<cutlass_80_tensorop_s1688gemm_128x128_16x5_tn_align4>(cutl
  cuBLASLt kernels:
       246.11 us  void cutlass::Kernel2<cutlass_80_tensorop_s1688gemm_128x128_16x5_tn_align4>(cutl

########## PART B: profiler kernel census, shipped model ##########
  total device time/forward =   5430.6 us   (over 20 forwards)
     1488.10 us  x  6.00/fwd    248.02 us/launch  void cutlass::Kernel2<cutlass_80_tensorop_s1688gemm_256x128_16x3_tn_align4>(cu
     1337.99 us  x  6.00/fwd    223.00 us/launch  void cutlass::Kernel2<cutlass_80_tensorop_s1688gemm_128x256_16x3_tn_align4>(cu
      733.08 us  x 12.00/fwd     61.09 us/launch  ampere_fp16_s1688gemm_fp16_128x128_ldg8_relu_f2f_stages_32x1_tn
      725.63 us  x  6.00/fwd    120.94 us/launch  void pytorch_flash::flash_fwd_kernel<Flash_fwd_kernel_traits<64, 128, 128, 4, 
      543.82 us  x  6.00/fwd     90.64 us/launch  triton_poi_fused_addmm_gelu_view_2
      110.78 us  x  2.00/fwd     55.39 us/launch  triton_per_fused__to_copy_add_addmm_native_layer_norm_view_6
       80.20 us  x  2.00/fwd     40.10 us/launch  triton_per_fused__to_copy_add_addmm_native_layer_norm_view_3
       70.13 us  x  1.00/fwd     70.13 us/launch  triton_per_fused__to_copy_add_addmm_native_layer_norm_view_8
       69.24 us  x  1.00/fwd     69.24 us/launch  triton_per_fused__to_copy_add_addmm_native_layer_norm_view_4
       68.61 us  x  1.00/fwd     68.61 us/launch  triton_per_fused__to_copy_add_addmm_native_layer_norm_view_7
       66.37 us  x  1.00/fwd     66.37 us/launch  triton_per_fused__to_copy_add_addmm_native_layer_norm_view_9
       57.85 us  x  2.00/fwd     28.93 us/launch  triton_per_fused__to_copy_add_addmm_native_layer_norm_view_5
       38.92 us  x  2.00/fwd     19.46 us/launch  triton_per_fused__to_copy_add_native_layer_norm_view_1
       31.88 us  x  1.00/fwd     31.88 us/launch  void at::native::(anonymous namespace)::multi_tensor_apply_kernel<at::native::

########## PART A: end-to-end real compiled model, B=8 S=1024 ##########
  round 0: shipped   5426.9 us | lt-gate-raised   5375.9 us | plan shipped=None cand=(1, 3, 2, 5)
  round 1: shipped   5421.6 us | lt-gate-raised   5307.3 us | plan shipped=None cand=(3, 3, 4, 0)
  round 2: shipped   5418.1 us | lt-gate-raised   5313.0 us | plan shipped=None cand=(5, 3, 6, 0)

  best-of-3 shipped        :    5418.1 us
  best-of-3 lt-gate-raised :    5307.3 us
  SPEEDUP (shipped/cand)   :  1.0209x
  maxdiff between outputs  : 0.000e+00  (BIT-IDENTICAL)
  |out|max = 5.2908
