INFO:    gocryptfs not found, will not be able to use gocryptfs
torch 2.13.0+cu130  device NVIDIA GeForce RTX 4090
VRAM free 23.13 / 23.52 GB  alloc_conf=expandable_segments:True
gate threshold CHUNK_ACT_ELEMS=800,000,000  CHUNK_MIN_SEQ=2048  CHUNK_Q=0  CHUNK_RESERVE_GB=3.0

== 1. prefix_causal_attn (split + LSE merge) ==
    torch.float32  chunked vs full causal: max|.| = 1.67e-06   ok
    torch.float16  chunked vs full causal: max|.| = 1.94e-03   ok
  PASS

== 2. gate ==
  _would_oom_causal False for all 13 official rows (worst B*S*d = 163,840,000 @ (10000, 128, 128), threshold 800,000,000)
[g7.0] chunked causal  B=2 S=4096 d=128 H=4 ffn=128 store=float16  chunk_q=1024 n_chunks=4  kv_cache=0.00GB free=nanGB  compile=False
[g7.0] chunked causal  B=2 S=4096 d=128 H=4 ffn=128 store=float16  chunk_q=1024 n_chunks=4  kv_cache=0.00GB free=nanGB  compile=False
  forward() auto-route vs direct _chunked_forward_causal: max|.| = 0.00e+00   PASS

== 3. equivalence (B=2 S=4096 d=256 H=4 L=2 causal) ==
[g7.0] chunked causal  B=2 S=4096 d=256 H=4 ffn=256 store=float16  chunk_q=512 n_chunks=8  kv_cache=0.01GB free=nanGB  compile=False
[g7.0] chunked causal  B=2 S=4096 d=256 H=4 ffn=256 store=float32  chunk_q=512 n_chunks=8  kv_cache=0.02GB free=nanGB  compile=False
[warning] dtype mismatch: baseline=torch.float32, optimized=torch.float16
  chunked(fp16) vs baseline: max_abs=5.100e-03 max_rel=3.112e+03 failed=0/2097152  PASS
  chunked(fp32) vs baseline: max_abs=5.097e-04 max_rel=3.298e+02 failed=0/2097152  PASS
[warning] dtype mismatch: baseline=torch.float32, optimized=torch.float16
  chunked(fp16) vs shipped  : max_abs=5.388e-03 max_rel=1.291e+03 failed=0/2097152  PASS

== 4. oversize_capability ==
[g7.0] chunked causal  B=32 S=100000 d=1024 H=16 ffn=1024 store=float16  chunk_q=2048 n_chunks=49  kv_cache=12.21GB free=16.74GB  compile=False
[g7.0] chunked causal  B=32 S=100000 d=1024 H=16 ffn=1024 store=float16  chunk_q=2048 n_chunks=49  kv_cache=12.21GB free=16.72GB  compile=False
[g7.0] chunked causal  B=32 S=100000 d=1024 H=16 ffn=1024 store=float16  chunk_q=2048 n_chunks=49  kv_cache=12.21GB free=16.72GB  compile=False
[g7.0] chunked causal  B=32 S=100000 d=1024 H=16 ffn=1024 store=float16  chunk_q=2048 n_chunks=49  kv_cache=12.21GB free=16.74GB  compile=False
[g7.0] chunked causal  B=32 S=100000 d=1024 H=16 ffn=1024 store=float16  chunk_q=2048 n_chunks=49  kv_cache=12.21GB free=16.72GB  compile=False
  row14         B*S*d=3,276,800,000  latency=13018.2 ms (all ['12992', '13018', '13054'])  peak=20.80 GB  finite=True shape_ok=True  PASS
[g7.0] chunked causal  B=8 S=200000 d=1024 H=16 ffn=1024 store=float16  chunk_q=8192 n_chunks=25  kv_cache=6.10GB free=19.78GB  compile=False
[g7.0] chunked causal  B=8 S=200000 d=1024 H=16 ffn=1024 store=float16  chunk_q=8192 n_chunks=25  kv_cache=6.10GB free=19.76GB  compile=False
[g7.0] chunked causal  B=8 S=200000 d=1024 H=16 ffn=1024 store=float16  chunk_q=8192 n_chunks=25  kv_cache=6.10GB free=19.76GB  compile=False
[g7.0] chunked causal  B=8 S=200000 d=1024 H=16 ffn=1024 store=float16  chunk_q=8192 n_chunks=25  kv_cache=6.10GB free=19.78GB  compile=False
[g7.0] chunked causal  B=8 S=200000 d=1024 H=16 ffn=1024 store=float16  chunk_q=8192 n_chunks=25  kv_cache=6.10GB free=19.76GB  compile=False
  B8_S200k      B*S*d=1,638,400,000  latency=12054.5 ms (all ['12037', '12055', '12067'])  peak=11.64 GB  finite=True shape_ok=True  PASS
[g7.0] chunked causal  B=64 S=50000 d=1024 H=16 ffn=1024 store=float16  chunk_q=1024 n_chunks=49  kv_cache=12.21GB free=16.74GB  compile=False
[g7.0] chunked causal  B=64 S=50000 d=1024 H=16 ffn=1024 store=float16  chunk_q=1024 n_chunks=49  kv_cache=12.21GB free=16.74GB  compile=False
[g7.0] chunked causal  B=64 S=50000 d=1024 H=16 ffn=1024 store=float16  chunk_q=1024 n_chunks=49  kv_cache=12.21GB free=16.72GB  compile=False
[g7.0] chunked causal  B=64 S=50000 d=1024 H=16 ffn=1024 store=float16  chunk_q=1024 n_chunks=49  kv_cache=12.21GB free=16.74GB  compile=False
[g7.0] chunked causal  B=64 S=50000 d=1024 H=16 ffn=1024 store=float16  chunk_q=1024 n_chunks=49  kv_cache=12.21GB free=16.72GB  compile=False
  B64_S50k      B*S*d=3,276,800,000  latency= 7545.9 ms (all ['7540', '7546', '7553'])  peak=20.80 GB  finite=True shape_ok=True  PASS
  -- CHUNK_COMPILE A/B on row14 --
[g7.0] chunked causal  B=32 S=100000 d=1024 H=16 ffn=1024 store=float16  chunk_q=2048 n_chunks=49  kv_cache=12.21GB free=16.74GB  compile=False
[g7.0] chunked causal  B=32 S=100000 d=1024 H=16 ffn=1024 store=float16  chunk_q=2048 n_chunks=49  kv_cache=12.21GB free=16.74GB  compile=False
[g7.0] chunked causal  B=32 S=100000 d=1024 H=16 ffn=1024 store=float16  chunk_q=2048 n_chunks=49  kv_cache=12.21GB free=16.72GB  compile=False
[g7.0] chunked causal  B=32 S=100000 d=1024 H=16 ffn=1024 store=float16  chunk_q=2048 n_chunks=49  kv_cache=12.21GB free=16.74GB  compile=False
[g7.0] chunked causal  B=32 S=100000 d=1024 H=16 ffn=1024 store=float16  chunk_q=2048 n_chunks=49  kv_cache=12.21GB free=16.72GB  compile=True
[g7.0] chunked causal  B=32 S=100000 d=1024 H=16 ffn=1024 store=float16  chunk_q=2048 n_chunks=49  kv_cache=12.21GB free=16.72GB  compile=True
[g7.0] chunked causal  B=32 S=100000 d=1024 H=16 ffn=1024 store=float16  chunk_q=2048 n_chunks=49  kv_cache=12.21GB free=16.72GB  compile=True
[g7.0] chunked causal  B=32 S=100000 d=1024 H=16 ffn=1024 store=float16  chunk_q=2048 n_chunks=49  kv_cache=12.21GB free=16.74GB  compile=True
[g7.0] chunked causal  B=32 S=100000 d=1024 H=16 ffn=1024 store=float16  chunk_q=2048 n_chunks=49  kv_cache=12.21GB free=16.72GB  compile=True
  row14  CHUNK_COMPILE=0  13079.4 ms   CHUNK_COMPILE=1  12793.3 ms   delta +2.2%

== 5. row14_accuracy ==
[g7.0] chunked causal  B=4 S=100000 d=1024 H=16 ffn=1024 store=float16  chunk_q=8192 n_chunks=13  kv_cache=1.53GB free=21.35GB  compile=False
[g7.0] chunked causal  B=4 S=100000 d=1024 H=16 ffn=1024 store=float32  chunk_q=8192 n_chunks=13  kv_cache=3.05GB free=19.76GB  compile=False
[warning] dtype mismatch: baseline=torch.float32, optimized=torch.float16
  B=4: fp16-store vs fp32-store chunked  max_abs=8.132e-03 max_rel=5.830e+04 mean_abs=3.410e-04 failed=0/409600000  PASS

== SUMMARY ==
  gate                   PASS
  equivalence            PASS
  oversize_capability    PASS
  row14_accuracy         PASS

OVERALL: PASS
ROW14_SUMMARY row=14 B=32 S=100000 d=1024 H=16 L=2 ffn=1024 baseline=OOM(FP32_[B,H,S,S]_scores) shipped_ms=13018.2 peak_gb=20.8 acc_b=4 acc_max_abs=8.132e-03 acc_failed=0 result=supported
