sync_entrypoint: torch_transformer_benchmark.py is up to date
=== SHAPE: official_row_1_default ===
INFO:    gocryptfs not found, will not be able to use gocryptfs
=== Configuration ===
TransformerConfig(batch_size=64, seq_len=128, d_model=128, num_heads=4, ffn_dim=128, num_layers=4, causal=True)
device=cuda, dtype=torch.float32, torch=2.13.0+cu130
gpu=NVIDIA GeForce RTX 4090

=== Accuracy check ===
criterion: abs_error <= 0.002 OR relative_error <= 2.00%
trial 01/5: PASS | max_abs=0.0013676 | max_rel=65.1683 | failed=0/1048576
trial 02/5: PASS | max_abs=0.00107318 | max_rel=37.6065 | failed=0/1048576
trial 03/5: PASS | max_abs=0.00134333 | max_rel=167.744 | failed=0/1048576
trial 04/5: PASS | max_abs=0.00118493 | max_rel=46.8257 | failed=0/1048576
trial 05/5: PASS | max_abs=0.001279 | max_rel=1523.26 | failed=0/1048576
summary: PASS | max_abs=0.0013676 | max_rel=1523.26 | failed=0/5242880

=== Performance benchmark ===
timing excludes random-data generation and uses a fixed input
CUDA latency is measured with torch.cuda.Event on the current stream
baseline : median=1.0445 ms | mean=1.0502 ms | p90=1.0578 ms | min=1.0315 ms | throughput=7842656.84 token/s
optimized: median=0.2120 ms | mean=0.2140 ms | p90=0.2130 ms | min=0.2099 ms | throughput=38647342.14 token/s
speedup  : 4.928x based on median latency

=== SHAPE: official_row_2_default ===
INFO:    gocryptfs not found, will not be able to use gocryptfs
=== Configuration ===
TransformerConfig(batch_size=1, seq_len=128, d_model=128, num_heads=4, ffn_dim=128, num_layers=4, causal=True)
device=cuda, dtype=torch.float32, torch=2.13.0+cu130
gpu=NVIDIA GeForce RTX 4090

=== Accuracy check ===
criterion: abs_error <= 0.002 OR relative_error <= 2.00%
trial 01/5: PASS | max_abs=0.0013676 | max_rel=0.955362 | failed=0/16384
trial 02/5: PASS | max_abs=0.00083518 | max_rel=3.72818 | failed=0/16384
trial 03/5: PASS | max_abs=0.000992417 | max_rel=269.106 | failed=0/16384
trial 04/5: PASS | max_abs=0.000922918 | max_rel=0.915374 | failed=0/16384
trial 05/5: PASS | max_abs=0.000733614 | max_rel=3.35439 | failed=0/16384
summary: PASS | max_abs=0.0013676 | max_rel=269.106 | failed=0/81920

=== Performance benchmark ===
timing excludes random-data generation and uses a fixed input
CUDA latency is measured with torch.cuda.Event on the current stream
baseline : median=1.0846 ms | mean=1.0911 ms | p90=1.1028 ms | min=1.0270 ms | throughput=118014.99 token/s
optimized: median=0.0778 ms | mean=0.0820 ms | p90=0.0819 ms | min=0.0768 ms | throughput=1644736.92 token/s
speedup  : 13.937x based on median latency

=== SHAPE: official_row_3_default ===
INFO:    gocryptfs not found, will not be able to use gocryptfs
=== Configuration ===
TransformerConfig(batch_size=4, seq_len=128, d_model=128, num_heads=4, ffn_dim=128, num_layers=4, causal=True)
device=cuda, dtype=torch.float32, torch=2.13.0+cu130
gpu=NVIDIA GeForce RTX 4090

=== Accuracy check ===
criterion: abs_error <= 0.002 OR relative_error <= 2.00%
trial 01/5: PASS | max_abs=0.0013676 | max_rel=19.003 | failed=0/65536
trial 02/5: PASS | max_abs=0.0010184 | max_rel=6.03087 | failed=0/65536
trial 03/5: PASS | max_abs=0.000992417 | max_rel=91.8419 | failed=0/65536
trial 04/5: PASS | max_abs=0.00118493 | max_rel=2.08863 | failed=0/65536
trial 05/5: PASS | max_abs=0.000996426 | max_rel=31.0268 | failed=0/65536
summary: PASS | max_abs=0.0013676 | max_rel=91.8419 | failed=0/327680

=== Performance benchmark ===
timing excludes random-data generation and uses a fixed input
CUDA latency is measured with torch.cuda.Event on the current stream
baseline : median=1.0496 ms | mean=1.0541 ms | p90=1.0670 ms | min=1.0283 ms | throughput=487804.88 token/s
optimized: median=0.0881 ms | mean=0.0909 ms | p90=0.0901 ms | min=0.0870 ms | throughput=5813953.49 token/s
speedup  : 11.919x based on median latency

=== SHAPE: official_row_4_default ===
INFO:    gocryptfs not found, will not be able to use gocryptfs
=== Configuration ===
TransformerConfig(batch_size=16, seq_len=128, d_model=128, num_heads=4, ffn_dim=128, num_layers=4, causal=True)
device=cuda, dtype=torch.float32, torch=2.13.0+cu130
gpu=NVIDIA GeForce RTX 4090

=== Accuracy check ===
criterion: abs_error <= 0.002 OR relative_error <= 2.00%
trial 01/5: PASS | max_abs=0.0013676 | max_rel=10.0783 | failed=0/262144
trial 02/5: PASS | max_abs=0.00106415 | max_rel=19.6737 | failed=0/262144
trial 03/5: PASS | max_abs=0.00134333 | max_rel=244.999 | failed=0/262144
trial 04/5: PASS | max_abs=0.00118493 | max_rel=46.8257 | failed=0/262144
trial 05/5: PASS | max_abs=0.00108433 | max_rel=1327.53 | failed=0/262144
summary: PASS | max_abs=0.0013676 | max_rel=1327.53 | failed=0/1310720

=== Performance benchmark ===
timing excludes random-data generation and uses a fixed input
CUDA latency is measured with torch.cuda.Event on the current stream
baseline : median=1.0434 ms | mean=1.0467 ms | p90=1.0519 ms | min=1.0312 ms | throughput=1962798.87 token/s
optimized: median=0.1116 ms | mean=0.1140 ms | p90=0.1137 ms | min=0.1106 ms | throughput=18348623.77 token/s
speedup  : 9.348x based on median latency

=== SHAPE: official_row_5_default ===
INFO:    gocryptfs not found, will not be able to use gocryptfs
=== Configuration ===
TransformerConfig(batch_size=128, seq_len=128, d_model=128, num_heads=4, ffn_dim=128, num_layers=4, causal=True)
device=cuda, dtype=torch.float32, torch=2.13.0+cu130
gpu=NVIDIA GeForce RTX 4090

=== Accuracy check ===
criterion: abs_error <= 0.002 OR relative_error <= 2.00%
trial 01/5: PASS | max_abs=0.0013676 | max_rel=104.309 | failed=0/2097152
trial 02/5: PASS | max_abs=0.00113112 | max_rel=119.382 | failed=0/2097152
trial 03/5: PASS | max_abs=0.00134333 | max_rel=167.744 | failed=0/2097152
trial 04/5: PASS | max_abs=0.00119511 | max_rel=254.758 | failed=0/2097152
trial 05/5: PASS | max_abs=0.001288 | max_rel=2600.44 | failed=0/2097152
summary: PASS | max_abs=0.0013676 | max_rel=2600.44 | failed=0/10485760

=== Performance benchmark ===
timing excludes random-data generation and uses a fixed input
CUDA latency is measured with torch.cuda.Event on the current stream
baseline : median=1.7050 ms | mean=1.7082 ms | p90=1.7101 ms | min=1.6998 ms | throughput=9609609.67 token/s
optimized: median=0.3727 ms | mean=0.3755 ms | p90=0.3748 ms | min=0.3707 ms | throughput=43956043.13 token/s
speedup  : 4.574x based on median latency

=== SHAPE: official_row_6_large_batch ===
INFO:    gocryptfs not found, will not be able to use gocryptfs
=== Configuration ===
TransformerConfig(batch_size=10000, seq_len=128, d_model=128, num_heads=4, ffn_dim=128, num_layers=4, causal=True)
device=cuda, dtype=torch.float32, torch=2.13.0+cu130
gpu=NVIDIA GeForce RTX 4090

=== Accuracy check ===
criterion: abs_error <= 0.002 OR relative_error <= 2.00%
trial 01/5: PASS | max_abs=0.00195017 | max_rel=20683.8 | failed=0/163840000
trial 02/5: PASS | max_abs=0.00153732 | max_rel=7880.3 | failed=0/163840000
trial 03/5: PASS | max_abs=0.00154169 | max_rel=2.47806e+07 | failed=0/163840000
trial 04/5: PASS | max_abs=0.00150752 | max_rel=8905.06 | failed=0/163840000
trial 05/5: PASS | max_abs=0.00154489 | max_rel=2.54421e+08 | failed=0/163840000
summary: PASS | max_abs=0.00195017 | max_rel=2.54421e+08 | failed=0/819200000

=== Performance benchmark ===
timing excludes random-data generation and uses a fixed input
CUDA latency is measured with torch.cuda.Event on the current stream
baseline : median=290.5272 ms | mean=290.5320 ms | p90=290.5600 ms | min=290.4156 ms | throughput=4405783.13 token/s
optimized: median=52.4841 ms | mean=52.4856 ms | p90=52.4965 ms | min=52.4216 ms | throughput=24388340.18 token/s
speedup  : 5.536x based on median latency

=== SHAPE: official_row_7_default ===
INFO:    gocryptfs not found, will not be able to use gocryptfs
=== Configuration ===
TransformerConfig(batch_size=64, seq_len=128, d_model=32, num_heads=4, ffn_dim=32, num_layers=4, causal=True)
device=cuda, dtype=torch.float32, torch=2.13.0+cu130
gpu=NVIDIA GeForce RTX 4090

=== Accuracy check ===
criterion: abs_error <= 0.002 OR relative_error <= 2.00%
trial 01/5: PASS | max_abs=0.00211424 | max_rel=79.7228 | failed=0/262144
trial 02/5: PASS | max_abs=0.00129086 | max_rel=33.6045 | failed=0/262144
trial 03/5: PASS | max_abs=0.00132155 | max_rel=372.853 | failed=0/262144
trial 04/5: PASS | max_abs=0.00137094 | max_rel=21.8546 | failed=0/262144
trial 05/5: PASS | max_abs=0.00123984 | max_rel=44.0058 | failed=0/262144
summary: PASS | max_abs=0.00211424 | max_rel=372.853 | failed=0/1310720

=== Performance benchmark ===
timing excludes random-data generation and uses a fixed input
CUDA latency is measured with torch.cuda.Event on the current stream
baseline : median=1.0391 ms | mean=1.0456 ms | p90=1.0537 ms | min=1.0253 ms | throughput=7884079.37 token/s
optimized: median=0.1034 ms | mean=0.1063 ms | p90=0.1055 ms | min=0.1024 ms | throughput=79207922.51 token/s
speedup  : 10.047x based on median latency

=== SHAPE: official_row_8_default ===
INFO:    gocryptfs not found, will not be able to use gocryptfs
=== Configuration ===
TransformerConfig(batch_size=64, seq_len=128, d_model=1024, num_heads=4, ffn_dim=1024, num_layers=4, causal=True)
device=cuda, dtype=torch.float32, torch=2.13.0+cu130
gpu=NVIDIA GeForce RTX 4090

=== Accuracy check ===
criterion: abs_error <= 0.002 OR relative_error <= 2.00%
trial 01/5: PASS | max_abs=0.00141025 | max_rel=1492.71 | failed=0/8388608
trial 02/5: PASS | max_abs=0.00123686 | max_rel=1.8467e+08 | failed=0/8388608
trial 03/5: PASS | max_abs=0.00135434 | max_rel=1373.88 | failed=0/8388608
trial 04/5: PASS | max_abs=0.00137815 | max_rel=754.581 | failed=0/8388608
trial 05/5: PASS | max_abs=0.0013321 | max_rel=1419.81 | failed=0/8388608
summary: PASS | max_abs=0.00141025 | max_rel=1.8467e+08 | failed=0/41943040

=== Performance benchmark ===
timing excludes random-data generation and uses a fixed input
CUDA latency is measured with torch.cuda.Event on the current stream
baseline : median=8.3681 ms | mean=8.3691 ms | p90=8.3773 ms | min=8.3507 ms | throughput=978952.54 token/s
optimized: median=4.3333 ms | mean=4.3342 ms | p90=4.3368 ms | min=4.3215 ms | throughput=1890491.74 token/s
speedup  : 1.931x based on median latency

=== SHAPE: official_row_9_default ===
INFO:    gocryptfs not found, will not be able to use gocryptfs
=== Configuration ===
TransformerConfig(batch_size=64, seq_len=128, d_model=128, num_heads=1, ffn_dim=128, num_layers=4, causal=True)
device=cuda, dtype=torch.float32, torch=2.13.0+cu130
gpu=NVIDIA GeForce RTX 4090

=== Accuracy check ===
criterion: abs_error <= 0.002 OR relative_error <= 2.00%
trial 01/5: PASS | max_abs=0.0013676 | max_rel=1609.43 | failed=0/1048576
trial 02/5: PASS | max_abs=0.00120968 | max_rel=1563.56 | failed=0/1048576
trial 03/5: PASS | max_abs=0.0012126 | max_rel=45.914 | failed=0/1048576
trial 04/5: PASS | max_abs=0.00145066 | max_rel=130.279 | failed=0/1048576
trial 05/5: PASS | max_abs=0.00130342 | max_rel=49.7236 | failed=0/1048576
summary: PASS | max_abs=0.00145066 | max_rel=1609.43 | failed=0/5242880

=== Performance benchmark ===
timing excludes random-data generation and uses a fixed input
CUDA latency is measured with torch.cuda.Event on the current stream
baseline : median=0.9572 ms | mean=0.9674 ms | p90=0.9882 ms | min=0.9372 ms | throughput=8558437.94 token/s
optimized: median=0.2099 ms | mean=0.2123 ms | p90=0.2120 ms | min=0.2079 ms | throughput=39024389.50 token/s
speedup  : 4.560x based on median latency

=== SHAPE: official_row_10_default ===
INFO:    gocryptfs not found, will not be able to use gocryptfs
=== Configuration ===
TransformerConfig(batch_size=64, seq_len=128, d_model=128, num_heads=2, ffn_dim=128, num_layers=4, causal=True)
device=cuda, dtype=torch.float32, torch=2.13.0+cu130
gpu=NVIDIA GeForce RTX 4090

=== Accuracy check ===
criterion: abs_error <= 0.002 OR relative_error <= 2.00%
trial 01/5: PASS | max_abs=0.0013676 | max_rel=335.982 | failed=0/1048576
trial 02/5: PASS | max_abs=0.00116515 | max_rel=112.5 | failed=0/1048576
trial 03/5: PASS | max_abs=0.0011946 | max_rel=39.0731 | failed=0/1048576
trial 04/5: PASS | max_abs=0.00127625 | max_rel=42.3553 | failed=0/1048576
trial 05/5: PASS | max_abs=0.00138116 | max_rel=70.5137 | failed=0/1048576
summary: PASS | max_abs=0.00138116 | max_rel=335.982 | failed=0/5242880

=== Performance benchmark ===
timing excludes random-data generation and uses a fixed input
CUDA latency is measured with torch.cuda.Event on the current stream
baseline : median=1.0453 ms | mean=1.0532 ms | p90=1.0650 ms | min=1.0262 ms | throughput=7836894.72 token/s
optimized: median=0.2130 ms | mean=0.2159 ms | p90=0.2150 ms | min=0.2120 ms | throughput=38461538.89 token/s
speedup  : 4.908x based on median latency

=== SHAPE: official_row_11_default ===
INFO:    gocryptfs not found, will not be able to use gocryptfs
=== Configuration ===
TransformerConfig(batch_size=64, seq_len=128, d_model=128, num_heads=16, ffn_dim=128, num_layers=4, causal=True)
device=cuda, dtype=torch.float32, torch=2.13.0+cu130
gpu=NVIDIA GeForce RTX 4090

=== Accuracy check ===
criterion: abs_error <= 0.002 OR relative_error <= 2.00%
trial 01/5: PASS | max_abs=0.0013676 | max_rel=318.04 | failed=0/1048576
trial 02/5: PASS | max_abs=0.00122714 | max_rel=74.4908 | failed=0/1048576
trial 03/5: PASS | max_abs=0.00111675 | max_rel=482.383 | failed=0/1048576
trial 04/5: PASS | max_abs=0.00121211 | max_rel=78.0045 | failed=0/1048576
trial 05/5: PASS | max_abs=0.00119552 | max_rel=179.051 | failed=0/1048576
summary: PASS | max_abs=0.0013676 | max_rel=482.383 | failed=0/5242880

=== Performance benchmark ===
timing excludes random-data generation and uses a fixed input
CUDA latency is measured with torch.cuda.Event on the current stream
baseline : median=4.3858 ms | mean=4.3875 ms | p90=4.3919 ms | min=4.3756 ms | throughput=1867849.73 token/s
optimized: median=0.2857 ms | mean=0.2879 ms | p90=0.2877 ms | min=0.2836 ms | throughput=28673835.14 token/s
speedup  : 15.351x based on median latency

=== SHAPE: official_row_12_default ===
INFO:    gocryptfs not found, will not be able to use gocryptfs
=== Configuration ===
TransformerConfig(batch_size=64, seq_len=32, d_model=128, num_heads=4, ffn_dim=128, num_layers=4, causal=True)
device=cuda, dtype=torch.float32, torch=2.13.0+cu130
gpu=NVIDIA GeForce RTX 4090

=== Accuracy check ===
criterion: abs_error <= 0.002 OR relative_error <= 2.00%
trial 01/5: PASS | max_abs=0.00140575 | max_rel=473.082 | failed=0/262144
trial 02/5: PASS | max_abs=0.00122797 | max_rel=10.0796 | failed=0/262144
trial 03/5: PASS | max_abs=0.00134333 | max_rel=216.103 | failed=0/262144
trial 04/5: PASS | max_abs=0.00125414 | max_rel=46.8257 | failed=0/262144
trial 05/5: PASS | max_abs=0.00117177 | max_rel=99.0421 | failed=0/262144
summary: PASS | max_abs=0.00140575 | max_rel=473.082 | failed=0/1310720

=== Performance benchmark ===
timing excludes random-data generation and uses a fixed input
CUDA latency is measured with torch.cuda.Event on the current stream
baseline : median=1.0363 ms | mean=1.0411 ms | p90=1.0518 ms | min=1.0167 ms | throughput=1976284.54 token/s
optimized: median=0.1229 ms | mean=0.1258 ms | p90=0.1249 ms | min=0.1219 ms | throughput=16666667.09 token/s
speedup  : 8.433x based on median latency

=== SHAPE: official_row_13_long_seq ===
INFO:    gocryptfs not found, will not be able to use gocryptfs
=== Configuration ===
TransformerConfig(batch_size=64, seq_len=1024, d_model=128, num_heads=4, ffn_dim=128, num_layers=4, causal=True)
device=cuda, dtype=torch.float32, torch=2.13.0+cu130
gpu=NVIDIA GeForce RTX 4090

=== Accuracy check ===
criterion: abs_error <= 0.002 OR relative_error <= 2.00%
trial 01/5: PASS | max_abs=0.0013676 | max_rel=2.02073e+08 | failed=0/8388608
trial 02/5: PASS | max_abs=0.00128078 | max_rel=244.875 | failed=0/8388608
trial 03/5: PASS | max_abs=0.00116193 | max_rel=2109.24 | failed=0/8388608
trial 04/5: PASS | max_abs=0.00114298 | max_rel=1837.1 | failed=0/8388608
trial 05/5: PASS | max_abs=0.00111926 | max_rel=2600.44 | failed=0/8388608
summary: PASS | max_abs=0.0013676 | max_rel=2.02073e+08 | failed=0/41943040

=== Performance benchmark ===
timing excludes random-data generation and uses a fixed input
CUDA latency is measured with torch.cuda.Event on the current stream
baseline : median=70.1532 ms | mean=70.1569 ms | p90=70.1733 ms | min=70.1256 ms | throughput=934183.86 token/s
optimized: median=2.2108 ms | mean=2.2128 ms | p90=2.2170 ms | min=2.1965 ms | throughput=29643354.66 token/s
speedup  : 31.732x based on median latency

