=== SHAPE: tiny ===
INFO:    gocryptfs not found, will not be able to use gocryptfs
=== Configuration ===
TransformerConfig(batch_size=1, seq_len=64, d_model=512, num_heads=8, ffn_dim=2048, num_layers=6, causal=False)
device=cuda, dtype=torch.float32, torch=2.13.0+cu130
gpu=NVIDIA GeForce RTX 4090

=== Accuracy check ===
criterion: abs_error <= 0.001 OR relative_error <= 1.00%
trial 01/5: PASS | max_abs=0.000602618 | max_rel=5.83034 | failed=0/32768
trial 02/5: PASS | max_abs=0.000678301 | max_rel=21.5908 | failed=0/32768
trial 03/5: PASS | max_abs=0.000658512 | max_rel=4.31518 | failed=0/32768
trial 04/5: PASS | max_abs=0.000576854 | max_rel=32.5416 | failed=0/32768
trial 05/5: PASS | max_abs=0.000643104 | max_rel=12.969 | failed=0/32768
summary: PASS | max_abs=0.000678301 | max_rel=32.5416 | failed=0/163840

=== Performance benchmark ===
timing excludes random-data generation and uses a fixed input
CUDA latency is measured with torch.cuda.Event on the current stream
baseline : median=1.4613 ms | mean=1.4650 ms | p90=1.4856 ms | min=1.4377 ms | throughput=43797.22 token/s
optimized: median=0.9769 ms | mean=0.9803 ms | p90=0.9948 ms | min=0.9656 ms | throughput=65515.77 token/s
speedup  : 1.496x based on median latency

=== SHAPE: default ===
INFO:    gocryptfs not found, will not be able to use gocryptfs
=== Configuration ===
TransformerConfig(batch_size=8, seq_len=128, d_model=512, num_heads=8, ffn_dim=2048, num_layers=6, causal=False)
device=cuda, dtype=torch.float32, torch=2.13.0+cu130
gpu=NVIDIA GeForce RTX 4090

=== Accuracy check ===
criterion: abs_error <= 0.001 OR relative_error <= 1.00%
trial 01/5: PASS | max_abs=0.000660062 | max_rel=10.1326 | failed=0/524288
trial 02/5: PASS | max_abs=0.000689507 | max_rel=469.94 | failed=0/524288
trial 03/5: PASS | max_abs=0.000682354 | max_rel=418.451 | failed=0/524288
trial 04/5: PASS | max_abs=0.000618968 | max_rel=74.3941 | failed=0/524288
trial 05/5: PASS | max_abs=0.000691012 | max_rel=164.267 | failed=0/524288
summary: PASS | max_abs=0.000691012 | max_rel=469.94 | failed=0/2621440

=== Performance benchmark ===
timing excludes random-data generation and uses a fixed input
CUDA latency is measured with torch.cuda.Event on the current stream
baseline : median=1.3937 ms | mean=1.3977 ms | p90=1.4100 ms | min=1.3691 ms | throughput=734753.86 token/s
optimized: median=1.1561 ms | mean=1.1581 ms | p90=1.1633 ms | min=1.1520 ms | throughput=885739.61 token/s
speedup  : 1.205x based on median latency

=== SHAPE: long_seq ===
INFO:    gocryptfs not found, will not be able to use gocryptfs
=== Configuration ===
TransformerConfig(batch_size=8, seq_len=1024, d_model=512, num_heads=8, ffn_dim=2048, num_layers=6, causal=False)
device=cuda, dtype=torch.float32, torch=2.13.0+cu130
gpu=NVIDIA GeForce RTX 4090

=== Accuracy check ===
criterion: abs_error <= 0.001 OR relative_error <= 1.00%
trial 01/5: PASS | max_abs=0.000697136 | max_rel=59890.2 | failed=0/4194304
trial 02/5: PASS | max_abs=0.000775747 | max_rel=1725.51 | failed=0/4194304
trial 03/5: PASS | max_abs=0.000828162 | max_rel=125.901 | failed=0/4194304
trial 04/5: PASS | max_abs=0.000728786 | max_rel=165.339 | failed=0/4194304
trial 05/5: PASS | max_abs=0.000675008 | max_rel=399.902 | failed=0/4194304
summary: PASS | max_abs=0.000828162 | max_rel=59890.2 | failed=0/20971520

=== Performance benchmark ===
timing excludes random-data generation and uses a fixed input
CUDA latency is measured with torch.cuda.Event on the current stream
baseline : median=24.7032 ms | mean=24.7047 ms | p90=24.7163 ms | min=24.6876 ms | throughput=331617.17 token/s
optimized: median=11.2630 ms | mean=11.2648 ms | p90=11.2763 ms | min=11.2435 ms | throughput=727338.87 token/s
speedup  : 2.193x based on median latency

=== SHAPE: large_batch ===
INFO:    gocryptfs not found, will not be able to use gocryptfs
=== Configuration ===
TransformerConfig(batch_size=256, seq_len=128, d_model=512, num_heads=8, ffn_dim=2048, num_layers=6, causal=False)
device=cuda, dtype=torch.float32, torch=2.13.0+cu130
gpu=NVIDIA GeForce RTX 4090

=== Accuracy check ===
criterion: abs_error <= 0.001 OR relative_error <= 1.00%
trial 01/5: PASS | max_abs=0.00078994 | max_rel=17888.2 | failed=0/16777216
trial 02/5: PASS | max_abs=0.000819206 | max_rel=5945.57 | failed=0/16777216
trial 03/5: PASS | max_abs=0.000762418 | max_rel=2102.89 | failed=0/16777216
trial 04/5: PASS | max_abs=0.000759125 | max_rel=2249.5 | failed=0/16777216
trial 05/5: PASS | max_abs=0.000724494 | max_rel=31983.6 | failed=0/16777216
summary: PASS | max_abs=0.000819206 | max_rel=31983.6 | failed=0/83886080

=== Performance benchmark ===
timing excludes random-data generation and uses a fixed input
CUDA latency is measured with torch.cuda.Event on the current stream
baseline : median=41.9032 ms | mean=41.9179 ms | p90=41.9615 ms | min=41.8755 ms | throughput=781992.21 token/s
optimized: median=30.7753 ms | mean=30.7836 ms | p90=30.8255 ms | min=30.7569 ms | throughput=1064750.14 token/s
speedup  : 1.362x based on median latency

=== SHAPE: default_padded ===
INFO:    gocryptfs not found, will not be able to use gocryptfs
=== Configuration ===
TransformerConfig(batch_size=8, seq_len=128, d_model=512, num_heads=8, ffn_dim=2048, num_layers=6, causal=False)
device=cuda, dtype=torch.float32, torch=2.13.0+cu130
gpu=NVIDIA GeForce RTX 4090

=== Accuracy check ===
criterion: abs_error <= 0.001 OR relative_error <= 1.00%
trial 01/5: PASS | max_abs=0.000649452 | max_rel=30.6176 | failed=0/524288
trial 02/5: PASS | max_abs=0.000723004 | max_rel=18.9283 | failed=0/524288
trial 03/5: PASS | max_abs=0.000725269 | max_rel=71.4637 | failed=0/524288
trial 04/5: PASS | max_abs=0.000631094 | max_rel=106.027 | failed=0/524288
trial 05/5: PASS | max_abs=0.000707641 | max_rel=364.86 | failed=0/524288
summary: PASS | max_abs=0.000725269 | max_rel=364.86 | failed=0/2621440

=== Performance benchmark ===
timing excludes random-data generation and uses a fixed input
CUDA latency is measured with torch.cuda.Event on the current stream
baseline : median=1.3967 ms | mean=1.3981 ms | p90=1.4121 ms | min=1.3662 ms | throughput=733137.82 token/s
optimized: median=1.1562 ms | mean=1.1588 ms | p90=1.1645 ms | min=1.1520 ms | throughput=885678.33 token/s
speedup  : 1.208x based on median latency

=== SHAPE: default_causal ===
INFO:    gocryptfs not found, will not be able to use gocryptfs
=== Configuration ===
TransformerConfig(batch_size=8, seq_len=128, d_model=512, num_heads=8, ffn_dim=2048, num_layers=6, causal=True)
device=cuda, dtype=torch.float32, torch=2.13.0+cu130
gpu=NVIDIA GeForce RTX 4090

=== Accuracy check ===
criterion: abs_error <= 0.001 OR relative_error <= 1.00%
trial 01/5: PASS | max_abs=0 | max_rel=0 | failed=0/524288
trial 02/5: PASS | max_abs=0 | max_rel=0 | failed=0/524288
trial 03/5: PASS | max_abs=0 | max_rel=0 | failed=0/524288
trial 04/5: PASS | max_abs=0 | max_rel=0 | failed=0/524288
trial 05/5: PASS | max_abs=0 | max_rel=0 | failed=0/524288
summary: PASS | max_abs=0 | max_rel=0 | failed=0/2621440

=== Performance benchmark ===
timing excludes random-data generation and uses a fixed input
CUDA latency is measured with torch.cuda.Event on the current stream
baseline : median=1.5114 ms | mean=1.5122 ms | p90=1.5237 ms | min=1.4940 ms | throughput=677506.80 token/s
optimized: median=1.5135 ms | mean=1.5149 ms | p90=1.5247 ms | min=1.4940 ms | throughput=676590.00 token/s
speedup  : 0.999x based on median latency

=== SHAPE: causal_padded ===
INFO:    gocryptfs not found, will not be able to use gocryptfs
=== Configuration ===
TransformerConfig(batch_size=8, seq_len=128, d_model=512, num_heads=8, ffn_dim=2048, num_layers=6, causal=True)
device=cuda, dtype=torch.float32, torch=2.13.0+cu130
gpu=NVIDIA GeForce RTX 4090

=== Accuracy check ===
criterion: abs_error <= 0.001 OR relative_error <= 1.00%
trial 01/5: PASS | max_abs=0 | max_rel=0 | failed=0/524288
trial 02/5: PASS | max_abs=0 | max_rel=0 | failed=0/524288
trial 03/5: PASS | max_abs=0 | max_rel=0 | failed=0/524288
trial 04/5: PASS | max_abs=0 | max_rel=0 | failed=0/524288
trial 05/5: PASS | max_abs=0 | max_rel=0 | failed=0/524288
summary: PASS | max_abs=0 | max_rel=0 | failed=0/2621440

=== Performance benchmark ===
timing excludes random-data generation and uses a fixed input
CUDA latency is measured with torch.cuda.Event on the current stream
baseline : median=1.5351 ms | mean=1.5381 ms | p90=1.5463 ms | min=1.5186 ms | throughput=667041.86 token/s
optimized: median=1.5343 ms | mean=1.5363 ms | p90=1.5462 ms | min=1.5124 ms | throughput=667417.50 token/s
speedup  : 1.001x based on median latency

=== SHAPE: long_seq_padded ===
INFO:    gocryptfs not found, will not be able to use gocryptfs
=== Configuration ===
TransformerConfig(batch_size=8, seq_len=1024, d_model=512, num_heads=8, ffn_dim=2048, num_layers=6, causal=False)
device=cuda, dtype=torch.float32, torch=2.13.0+cu130
gpu=NVIDIA GeForce RTX 4090

=== Accuracy check ===
criterion: abs_error <= 0.001 OR relative_error <= 1.00%
trial 01/5: PASS | max_abs=0.000703335 | max_rel=1768.02 | failed=0/4194304
trial 02/5: PASS | max_abs=0.000706315 | max_rel=267.924 | failed=0/4194304
trial 03/5: PASS | max_abs=0.000738561 | max_rel=825.331 | failed=0/4194304
trial 04/5: PASS | max_abs=0.000667825 | max_rel=139.268 | failed=0/4194304
trial 05/5: PASS | max_abs=0.000665188 | max_rel=252.147 | failed=0/4194304
summary: PASS | max_abs=0.000738561 | max_rel=1768.02 | failed=0/20971520

=== Performance benchmark ===
timing excludes random-data generation and uses a fixed input
CUDA latency is measured with torch.cuda.Event on the current stream
baseline : median=24.7030 ms | mean=24.7049 ms | p90=24.7175 ms | min=24.6876 ms | throughput=331619.96 token/s
optimized: median=11.2589 ms | mean=11.2594 ms | p90=11.2660 ms | min=11.2477 ms | throughput=727603.48 token/s
speedup  : 2.194x based on median latency

