=== SHAPE: tiny (arena only, KOPT_L2_PERSIST=0) ===
INFO:    gocryptfs not found, will not be able to use gocryptfs
=== Configuration ===
TransformerConfig(batch_size=1, seq_len=64, d_model=512, num_heads=8, ffn_dim=2048, num_layers=6, causal=False)
device=cuda, dtype=torch.float32, torch=2.13.0+cu130
gpu=NVIDIA GeForce RTX 4090

=== Accuracy check ===
criterion: abs_error <= 0.001 OR relative_error <= 1.00%
trial 01/5: PASS | max_abs=0.000632763 | max_rel=5.13324 | failed=0/32768
trial 02/5: PASS | max_abs=0.000654817 | max_rel=30.4574 | failed=0/32768
trial 03/5: PASS | max_abs=0.000652671 | max_rel=3.7745 | failed=0/32768
trial 04/5: PASS | max_abs=0.000649899 | max_rel=23.6472 | failed=0/32768
trial 05/5: PASS | max_abs=0.000624657 | max_rel=8.62614 | failed=0/32768
summary: PASS | max_abs=0.000654817 | max_rel=30.4574 | failed=0/163840

=== Performance benchmark ===
timing excludes random-data generation and uses a fixed input
CUDA latency is measured with torch.cuda.Event on the current stream
baseline : median=1.4800 ms | mean=1.4878 ms | p90=1.5032 ms | min=1.4585 ms | throughput=43244.65 token/s
optimized: median=0.2396 ms | mean=0.2421 ms | p90=0.2417 ms | min=0.2386 ms | throughput=267094.01 token/s
speedup  : 6.176x based on median latency

=== SHAPE: default (arena only, KOPT_L2_PERSIST=0) ===
INFO:    gocryptfs not found, will not be able to use gocryptfs
=== Configuration ===
TransformerConfig(batch_size=8, seq_len=128, d_model=512, num_heads=8, ffn_dim=2048, num_layers=6, causal=False)
device=cuda, dtype=torch.float32, torch=2.13.0+cu130
gpu=NVIDIA GeForce RTX 4090

=== Accuracy check ===
criterion: abs_error <= 0.001 OR relative_error <= 1.00%
trial 01/5: PASS | max_abs=0.000844739 | max_rel=45.1748 | failed=0/524288
trial 02/5: PASS | max_abs=0.000803709 | max_rel=576.848 | failed=0/524288
trial 03/5: PASS | max_abs=0.000735551 | max_rel=334.867 | failed=0/524288
trial 04/5: PASS | max_abs=0.000699759 | max_rel=120.677 | failed=0/524288
trial 05/5: PASS | max_abs=0.000733733 | max_rel=128.246 | failed=0/524288
summary: PASS | max_abs=0.000844739 | max_rel=576.848 | failed=0/2621440

=== Performance benchmark ===
timing excludes random-data generation and uses a fixed input
CUDA latency is measured with torch.cuda.Event on the current stream
baseline : median=1.4336 ms | mean=1.4499 ms | p90=1.4757 ms | min=1.4092 ms | throughput=714285.74 token/s
optimized: median=0.6554 ms | mean=0.6582 ms | p90=0.6566 ms | min=0.6533 ms | throughput=1562500.04 token/s
speedup  : 2.187x based on median latency

=== SHAPE: long_seq (arena only, KOPT_L2_PERSIST=0) ===
INFO:    gocryptfs not found, will not be able to use gocryptfs
=== Configuration ===
TransformerConfig(batch_size=8, seq_len=1024, d_model=512, num_heads=8, ffn_dim=2048, num_layers=6, causal=False)
device=cuda, dtype=torch.float32, torch=2.13.0+cu130
gpu=NVIDIA GeForce RTX 4090

=== Accuracy check ===
criterion: abs_error <= 0.001 OR relative_error <= 1.00%
trial 01/5: PASS | max_abs=0.000710741 | max_rel=36997.2 | failed=0/4194304
trial 02/5: PASS | max_abs=0.000728816 | max_rel=1935.16 | failed=0/4194304
trial 03/5: PASS | max_abs=0.000690937 | max_rel=211.521 | failed=0/4194304
trial 04/5: PASS | max_abs=0.000680238 | max_rel=223.82 | failed=0/4194304
trial 05/5: PASS | max_abs=0.000700474 | max_rel=350.751 | failed=0/4194304
summary: PASS | max_abs=0.000728816 | max_rel=36997.2 | failed=0/20971520

=== Performance benchmark ===
timing excludes random-data generation and uses a fixed input
CUDA latency is measured with torch.cuda.Event on the current stream
baseline : median=24.7286 ms | mean=24.7290 ms | p90=24.7358 ms | min=24.7040 ms | throughput=331276.65 token/s
optimized: median=5.4282 ms | mean=5.4300 ms | p90=5.4327 ms | min=5.4139 ms | throughput=1509149.19 token/s
speedup  : 4.556x based on median latency

=== SHAPE: large_batch (arena only, KOPT_L2_PERSIST=0) ===
INFO:    gocryptfs not found, will not be able to use gocryptfs
=== Configuration ===
TransformerConfig(batch_size=256, seq_len=128, d_model=512, num_heads=8, ffn_dim=2048, num_layers=6, causal=False)
device=cuda, dtype=torch.float32, torch=2.13.0+cu130
gpu=NVIDIA GeForce RTX 4090

=== Accuracy check ===
criterion: abs_error <= 0.001 OR relative_error <= 1.00%
trial 01/5: PASS | max_abs=0.000819713 | max_rel=11380.2 | failed=0/16777216
trial 02/5: PASS | max_abs=0.000782371 | max_rel=654.323 | failed=0/16777216
trial 03/5: PASS | max_abs=0.000805438 | max_rel=2076.4 | failed=0/16777216
trial 04/5: PASS | max_abs=0.000801444 | max_rel=8660.79 | failed=0/16777216
trial 05/5: PASS | max_abs=0.000849087 | max_rel=9348.69 | failed=0/16777216
summary: PASS | max_abs=0.000849087 | max_rel=11380.2 | failed=0/83886080

=== Performance benchmark ===
timing excludes random-data generation and uses a fixed input
CUDA latency is measured with torch.cuda.Event on the current stream
baseline : median=41.9127 ms | mean=41.9281 ms | p90=41.9708 ms | min=41.8797 ms | throughput=781816.06 token/s
optimized: median=21.2572 ms | mean=21.2492 ms | p90=21.2685 ms | min=21.2101 ms | throughput=1541500.11 token/s
speedup  : 1.972x based on median latency

=== SHAPE: default_padded (arena only, KOPT_L2_PERSIST=0) ===
INFO:    gocryptfs not found, will not be able to use gocryptfs
=== Configuration ===
TransformerConfig(batch_size=8, seq_len=128, d_model=512, num_heads=8, ffn_dim=2048, num_layers=6, causal=False)
device=cuda, dtype=torch.float32, torch=2.13.0+cu130
gpu=NVIDIA GeForce RTX 4090

=== Accuracy check ===
criterion: abs_error <= 0.001 OR relative_error <= 1.00%
trial 01/5: PASS | max_abs=0.000744879 | max_rel=33.8028 | failed=0/524288
trial 02/5: PASS | max_abs=0.000697851 | max_rel=25.6052 | failed=0/524288
trial 03/5: PASS | max_abs=0.000689253 | max_rel=77.3678 | failed=0/524288
trial 04/5: PASS | max_abs=0.000680603 | max_rel=88.3817 | failed=0/524288
trial 05/5: PASS | max_abs=0.000828147 | max_rel=165.272 | failed=0/524288
summary: PASS | max_abs=0.000828147 | max_rel=165.272 | failed=0/2621440

=== Performance benchmark ===
timing excludes random-data generation and uses a fixed input
CUDA latency is measured with torch.cuda.Event on the current stream
baseline : median=1.4162 ms | mean=1.4248 ms | p90=1.4398 ms | min=1.3926 ms | throughput=723065.77 token/s
optimized: median=0.6574 ms | mean=0.6597 ms | p90=0.6584 ms | min=0.6547 ms | throughput=1557632.40 token/s
speedup  : 2.154x based on median latency

=== SHAPE: long_seq_padded (arena only, KOPT_L2_PERSIST=0) ===
INFO:    gocryptfs not found, will not be able to use gocryptfs
=== Configuration ===
TransformerConfig(batch_size=8, seq_len=1024, d_model=512, num_heads=8, ffn_dim=2048, num_layers=6, causal=False)
device=cuda, dtype=torch.float32, torch=2.13.0+cu130
gpu=NVIDIA GeForce RTX 4090

=== Accuracy check ===
criterion: abs_error <= 0.001 OR relative_error <= 1.00%
trial 01/5: PASS | max_abs=0.000734329 | max_rel=1438.13 | failed=0/4194304
trial 02/5: PASS | max_abs=0.00078994 | max_rel=404.16 | failed=0/4194304
trial 03/5: PASS | max_abs=0.000691831 | max_rel=773.322 | failed=0/4194304
trial 04/5: PASS | max_abs=0.000727534 | max_rel=90.4159 | failed=0/4194304
trial 05/5: PASS | max_abs=0.000690371 | max_rel=58.5343 | failed=0/4194304
summary: PASS | max_abs=0.00078994 | max_rel=1438.13 | failed=0/20971520

=== Performance benchmark ===
timing excludes random-data generation and uses a fixed input
CUDA latency is measured with torch.cuda.Event on the current stream
baseline : median=24.6939 ms | mean=24.7008 ms | p90=24.7224 ms | min=24.6784 ms | throughput=331742.23 token/s
optimized: median=5.7536 ms | mean=5.7600 ms | p90=5.7743 ms | min=5.7416 ms | throughput=1423816.06 token/s
speedup  : 4.292x based on median latency

=== probe: L2 window effect per regime ===
INFO:    gocryptfs not found, will not be able to use gocryptfs
=== device L2 facts ===
l2CacheSize                = 75497472 (72.0 MiB)
persistingL2CacheMaxSize   = 51904512 (49.5 MiB)
accessPolicyMaxWindowSize  = 134213632 (128.0 MiB)
arena                      = 62914560 (60.0 MiB)
granted persisting limit   = 51904512 (49.5 MiB)
hit_ratio                  = 0.8250

=== TINY  B=1 S=64 ===
A eager,  no window         0.3371   (weight traffic  186.6 GB/s if fetched from DRAM)
B eager,  window            0.3366   x1.0016 vs A
C graph,  no window         0.1981
D graph,  window in capt    0.1981   x0.9997 vs C

=== DEFAULT  B=8 S=128 ===
A eager,  no window         0.6573   (weight traffic   95.7 GB/s if fetched from DRAM)
B eager,  window            0.6562   x1.0018 vs A
C graph,  no window         0.6275
D graph,  window in capt    0.6275   x1.0000 vs C

=== LARGE-BATCH  B=256 S=128 ===
A eager,  no window        21.4385   (weight traffic    2.9 GB/s if fetched from DRAM)
B eager,  window           21.4387   x1.0000 vs A
C graph,  no window        21.3720
D graph,  window in capt   21.3820   x0.9995 vs C
