INFO:    gocryptfs not found, will not be able to use gocryptfs
NVIDIA GeForce RTX 4090 | torch 2.13.0+cu130 | cuda 13.0
[1/3] /usr/local/cuda/bin/nvcc -MD -MF g4_4_warpspec_gemm.cuda.o.d -DTORCH_EXTENSION_NAME=g4_3_warpspec -DTORCH_API_INCLUDE_EXTENSION_H -isystem /usr/local/lib/python3.12/dist-packages/torch/include -isystem /usr/local/lib/python3.12/dist-packages/torch/include/torch/csrc/api/include -isystem /usr/local/cuda/include -isystem /usr/include/python3.12 -D__CUDA_NO_HALF_OPERATORS__ -D__CUDA_NO_HALF_CONVERSIONS__ -D__CUDA_NO_BFLOAT16_CONVERSIONS__ -D__CUDA_NO_HALF2_OPERATORS__ --expt-relaxed-constexpr --compiler-options '-fPIC' -gencode=arch=compute_89,code=sm_89 -Xptxas -v -diag-suppress 179 -std=c++20 -c /work/csrc/g4_4_warpspec_gemm.cu -o g4_4_warpspec_gemm.cuda.o 
ptxas info    : 0 bytes gmem
ptxas info    : Compiling entry function '_Z14ws_gemm_kernelILi128ELi128ELi64ELi2ELi2ELi2ELi2ELi0ELi1ELi1ELi256EEvPK6__halfS2_S2_PS0_iii' for 'sm_89'
ptxas info    : Function properties for _Z14ws_gemm_kernelILi128ELi128ELi64ELi2ELi2ELi2ELi2ELi0ELi1ELi1ELi256EEvPK6__halfS2_S2_PS0_iii
    24 bytes stack frame, 24 bytes spill stores, 44 bytes spill loads
ptxas info    : Used 255 registers, used 16 barriers, 24 bytes cumulative stack size, 396 bytes cmem[0]
ptxas info    : Compile time = 189.401 ms
ptxas info    : Compiling entry function '_Z14ws_gemm_kernelILi128ELi128ELi64ELi2ELi2ELi2ELi0ELi0ELi1ELi1ELi256EEvPK6__halfS2_S2_PS0_iii' for 'sm_89'
ptxas info    : Function properties for _Z14ws_gemm_kernelILi128ELi128ELi64ELi2ELi2ELi2ELi0ELi0ELi1ELi1ELi256EEvPK6__halfS2_S2_PS0_iii
    16 bytes stack frame, 12 bytes spill stores, 12 bytes spill loads
ptxas info    : Used 255 registers, used 1 barriers, 16 bytes cumulative stack size, 396 bytes cmem[0]
ptxas info    : Compile time = 90.402 ms
ptxas info    : Compiling entry function '_Z14ws_gemm_kernelILi128ELi64ELi64ELi4ELi2ELi1ELi2ELi0ELi1ELi1ELi0EEvPK6__halfS2_S2_PS0_iii' for 'sm_89'
ptxas info    : Function properties for _Z14ws_gemm_kernelILi128ELi64ELi64ELi4ELi2ELi1ELi2ELi0ELi1ELi1ELi0EEvPK6__halfS2_S2_PS0_iii
    0 bytes stack frame, 0 bytes spill stores, 0 bytes spill loads
ptxas info    : Used 168 registers, used 16 barriers, 396 bytes cmem[0]
ptxas info    : Compile time = 84.413 ms
ptxas info    : Compiling entry function '_Z14ws_gemm_kernelILi128ELi64ELi64ELi4ELi2ELi1ELi0ELi0ELi1ELi1ELi0EEvPK6__halfS2_S2_PS0_iii' for 'sm_89'
ptxas info    : Function properties for _Z14ws_gemm_kernelILi128ELi64ELi64ELi4ELi2ELi1ELi0ELi0ELi1ELi1ELi0EEvPK6__halfS2_S2_PS0_iii
    0 bytes stack frame, 0 bytes spill stores, 0 bytes spill loads
ptxas info    : Used 176 registers, used 1 barriers, 396 bytes cmem[0]
ptxas info    : Compile time = 68.670 ms
ptxas info    : Compiling entry function '_Z14ws_gemm_kernelILi128ELi256ELi64ELi2ELi2ELi4ELi2ELi0ELi1ELi1ELi0EEvPK6__halfS2_S2_PS0_iii' for 'sm_89'
ptxas info    : Function properties for _Z14ws_gemm_kernelILi128ELi256ELi64ELi2ELi2ELi4ELi2ELi0ELi1ELi1ELi0EEvPK6__halfS2_S2_PS0_iii
    104 bytes stack frame, 104 bytes spill stores, 136 bytes spill loads
ptxas info    : Used 168 registers, used 16 barriers, 104 bytes cumulative stack size, 396 bytes cmem[0]
ptxas info    : Compile time = 92.645 ms
ptxas info    : Compiling entry function '_Z14ws_gemm_kernelILi256ELi128ELi64ELi2ELi4ELi2ELi2ELi0ELi1ELi1ELi0EEvPK6__halfS2_S2_PS0_iii' for 'sm_89'
ptxas info    : Function properties for _Z14ws_gemm_kernelILi256ELi128ELi64ELi2ELi4ELi2ELi2ELi0ELi1ELi1ELi0EEvPK6__halfS2_S2_PS0_iii
    120 bytes stack frame, 116 bytes spill stores, 244 bytes spill loads
ptxas info    : Used 168 registers, used 16 barriers, 120 bytes cumulative stack size, 396 bytes cmem[0]
ptxas info    : Compile time = 90.067 ms
ptxas info    : Compiling entry function '_Z14ws_gemm_kernelILi128ELi256ELi64ELi2ELi2ELi4ELi0ELi0ELi1ELi1ELi0EEvPK6__halfS2_S2_PS0_iii' for 'sm_89'
ptxas info    : Function properties for _Z14ws_gemm_kernelILi128ELi256ELi64ELi2ELi2ELi4ELi0ELi0ELi1ELi1ELi0EEvPK6__halfS2_S2_PS0_iii
    0 bytes stack frame, 0 bytes spill stores, 0 bytes spill loads
ptxas info    : Used 160 registers, used 1 barriers, 396 bytes cmem[0]
ptxas info    : Compile time = 41.216 ms
ptxas info    : Compiling entry function '_Z14ws_gemm_kernelILi256ELi128ELi64ELi2ELi4ELi2ELi0ELi0ELi1ELi1ELi0EEvPK6__halfS2_S2_PS0_iii' for 'sm_89'
ptxas info    : Function properties for _Z14ws_gemm_kernelILi256ELi128ELi64ELi2ELi4ELi2ELi0ELi0ELi1ELi1ELi0EEvPK6__halfS2_S2_PS0_iii
    0 bytes stack frame, 0 bytes spill stores, 0 bytes spill loads
ptxas info    : Used 164 registers, used 1 barriers, 396 bytes cmem[0]
ptxas info    : Compile time = 41.798 ms
ptxas info    : Compiling entry function '_Z14ws_gemm_kernelILi128ELi128ELi64ELi3ELi2ELi2ELi2ELi0ELi1ELi0ELi0EEvPK6__halfS2_S2_PS0_iii' for 'sm_89'
ptxas info    : Function properties for _Z14ws_gemm_kernelILi128ELi128ELi64ELi3ELi2ELi2ELi2ELi0ELi1ELi0ELi0EEvPK6__halfS2_S2_PS0_iii
    0 bytes stack frame, 0 bytes spill stores, 0 bytes spill loads
ptxas info    : Used 168 registers, used 16 barriers, 396 bytes cmem[0]
ptxas info    : Compile time = 90.946 ms
ptxas info    : Compiling entry function '_Z14ws_gemm_kernelILi128ELi128ELi64ELi2ELi2ELi2ELi2ELi0ELi1ELi0ELi0EEvPK6__halfS2_S2_PS0_iii' for 'sm_89'
ptxas info    : Function properties for _Z14ws_gemm_kernelILi128ELi128ELi64ELi2ELi2ELi2ELi2ELi0ELi1ELi0ELi0EEvPK6__halfS2_S2_PS0_iii
    0 bytes stack frame, 0 bytes spill stores, 0 bytes spill loads
ptxas info    : Used 166 registers, used 16 barriers, 396 bytes cmem[0]
ptxas info    : Compile time = 68.610 ms
ptxas info    : Compiling entry function '_Z14ws_gemm_kernelILi128ELi128ELi64ELi3ELi2ELi2ELi4ELi0ELi1ELi1ELi0EEvPK6__halfS2_S2_PS0_iii' for 'sm_89'
ptxas info    : Function properties for _Z14ws_gemm_kernelILi128ELi128ELi64ELi3ELi2ELi2ELi4ELi0ELi1ELi1ELi0EEvPK6__halfS2_S2_PS0_iii
    0 bytes stack frame, 0 bytes spill stores, 0 bytes spill loads
ptxas info    : Used 136 registers, used 16 barriers, 396 bytes cmem[0]
ptxas info    : Compile time = 69.486 ms
ptxas info    : Compiling entry function '_Z14ws_gemm_kernelILi128ELi128ELi64ELi2ELi2ELi2ELi4ELi0ELi1ELi1ELi0EEvPK6__halfS2_S2_PS0_iii' for 'sm_89'
ptxas info    : Function properties for _Z14ws_gemm_kernelILi128ELi128ELi64ELi2ELi2ELi2ELi4ELi0ELi1ELi1ELi0EEvPK6__halfS2_S2_PS0_iii
    0 bytes stack frame, 0 bytes spill stores, 0 bytes spill loads
ptxas info    : Used 131 registers, used 16 barriers, 396 bytes cmem[0]
ptxas info    : Compile time = 58.189 ms
ptxas info    : Compiling entry function '_Z14ws_gemm_kernelILi128ELi128ELi64ELi3ELi2ELi2ELi2ELi0ELi1ELi1ELi0EEvPK6__halfS2_S2_PS0_iii' for 'sm_89'
ptxas info    : Function properties for _Z14ws_gemm_kernelILi128ELi128ELi64ELi3ELi2ELi2ELi2ELi0ELi1ELi1ELi0EEvPK6__halfS2_S2_PS0_iii
    0 bytes stack frame, 0 bytes spill stores, 0 bytes spill loads
ptxas info    : Used 168 registers, used 16 barriers, 396 bytes cmem[0]
ptxas info    : Compile time = 90.629 ms
ptxas info    : Compiling entry function '_Z14ws_gemm_kernelILi128ELi128ELi64ELi2ELi2ELi2ELi2ELi0ELi1ELi1ELi0EEvPK6__halfS2_S2_PS0_iii' for 'sm_89'
ptxas info    : Function properties for _Z14ws_gemm_kernelILi128ELi128ELi64ELi2ELi2ELi2ELi2ELi0ELi1ELi1ELi0EEvPK6__halfS2_S2_PS0_iii
    0 bytes stack frame, 0 bytes spill stores, 0 bytes spill loads
ptxas info    : Used 166 registers, used 16 barriers, 396 bytes cmem[0]
ptxas info    : Compile time = 70.307 ms
ptxas info    : Compiling entry function '_Z14ws_gemm_kernelILi128ELi128ELi64ELi3ELi2ELi2ELi2ELi2ELi1ELi1ELi0EEvPK6__halfS2_S2_PS0_iii' for 'sm_89'
ptxas info    : Function properties for _Z14ws_gemm_kernelILi128ELi128ELi64ELi3ELi2ELi2ELi2ELi2ELi1ELi1ELi0EEvPK6__halfS2_S2_PS0_iii
    0 bytes stack frame, 0 bytes spill stores, 0 bytes spill loads
ptxas info    : Used 174 registers, used 16 barriers, 396 bytes cmem[0]
ptxas info    : Compile time = 88.607 ms
ptxas info    : Compiling entry function '_Z14ws_gemm_kernelILi128ELi128ELi64ELi2ELi2ELi2ELi2ELi2ELi1ELi1ELi0EEvPK6__halfS2_S2_PS0_iii' for 'sm_89'
ptxas info    : Function properties for _Z14ws_gemm_kernelILi128ELi128ELi64ELi2ELi2ELi2ELi2ELi2ELi1ELi1ELi0EEvPK6__halfS2_S2_PS0_iii
    0 bytes stack frame, 0 bytes spill stores, 0 bytes spill loads
ptxas info    : Used 167 registers, used 16 barriers, 396 bytes cmem[0]
ptxas info    : Compile time = 67.825 ms
ptxas info    : Compiling entry function '_Z14ws_gemm_kernelILi128ELi128ELi64ELi3ELi2ELi2ELi0ELi0ELi1ELi1ELi0EEvPK6__halfS2_S2_PS0_iii' for 'sm_89'
ptxas info    : Function properties for _Z14ws_gemm_kernelILi128ELi128ELi64ELi3ELi2ELi2ELi0ELi0ELi1ELi1ELi0EEvPK6__halfS2_S2_PS0_iii
    0 bytes stack frame, 0 bytes spill stores, 0 bytes spill loads
ptxas info    : Used 168 registers, used 1 barriers, 396 bytes cmem[0]
ptxas info    : Compile time = 51.348 ms
ptxas info    : Compiling entry function '_Z14ws_gemm_kernelILi128ELi128ELi64ELi2ELi2ELi2ELi0ELi0ELi1ELi1ELi0EEvPK6__halfS2_S2_PS0_iii' for 'sm_89'
ptxas info    : Function properties for _Z14ws_gemm_kernelILi128ELi128ELi64ELi2ELi2ELi2ELi0ELi0ELi1ELi1ELi0EEvPK6__halfS2_S2_PS0_iii
    0 bytes stack frame, 0 bytes spill stores, 0 bytes spill loads
ptxas info    : Used 168 registers, used 1 barriers, 396 bytes cmem[0]
ptxas info    : Compile time = 41.736 ms
ptxas info    : Compiling entry function '_Z14ws_gemm_kernelILi128ELi128ELi64ELi2ELi2ELi2ELi0ELi0ELi1ELi0ELi0EEvPK6__halfS2_S2_PS0_iii' for 'sm_89'
ptxas info    : Function properties for _Z14ws_gemm_kernelILi128ELi128ELi64ELi2ELi2ELi2ELi0ELi0ELi1ELi0ELi0EEvPK6__halfS2_S2_PS0_iii
    0 bytes stack frame, 0 bytes spill stores, 0 bytes spill loads
ptxas info    : Used 168 registers, used 1 barriers, 396 bytes cmem[0]
ptxas info    : Compile time = 42.046 ms
ptxas info    : Compiling entry function '_Z14ws_gemm_kernelILi128ELi128ELi64ELi2ELi2ELi4ELi0ELi0ELi1ELi0ELi0EEvPK6__halfS2_S2_PS0_iii' for 'sm_89'
ptxas info    : Function properties for _Z14ws_gemm_kernelILi128ELi128ELi64ELi2ELi2ELi4ELi0ELi0ELi1ELi0ELi0EEvPK6__halfS2_S2_PS0_iii
    0 bytes stack frame, 0 bytes spill stores, 0 bytes spill loads
ptxas info    : Used 99 registers, used 1 barriers, 396 bytes cmem[0]
ptxas info    : Compile time = 21.107 ms
ptxas info    : Compiling entry function '_Z14ws_gemm_kernelILi128ELi128ELi64ELi2ELi2ELi2ELi0ELi0ELi0ELi1ELi0EEvPK6__halfS2_S2_PS0_iii' for 'sm_89'
ptxas info    : Function properties for _Z14ws_gemm_kernelILi128ELi128ELi64ELi2ELi2ELi2ELi0ELi0ELi0ELi1ELi0EEvPK6__halfS2_S2_PS0_iii
    0 bytes stack frame, 0 bytes spill stores, 0 bytes spill loads
ptxas info    : Used 168 registers, used 1 barriers, 396 bytes cmem[0]
ptxas info    : Compile time = 31.602 ms
ptxas info    : Compiling entry function '_Z14ws_gemm_kernelILi128ELi128ELi64ELi2ELi2ELi4ELi0ELi0ELi0ELi1ELi0EEvPK6__halfS2_S2_PS0_iii' for 'sm_89'
ptxas info    : Function properties for _Z14ws_gemm_kernelILi128ELi128ELi64ELi2ELi2ELi4ELi0ELi0ELi0ELi1ELi0EEvPK6__halfS2_S2_PS0_iii
    0 bytes stack frame, 0 bytes spill stores, 0 bytes spill loads
ptxas info    : Used 102 registers, used 1 barriers, 396 bytes cmem[0]
ptxas info    : Compile time = 15.831 ms
ptxas info    : Compiling entry function '_Z14ws_gemm_kernelILi128ELi128ELi64ELi2ELi1ELi4ELi0ELi0ELi0ELi0ELi0EEvPK6__halfS2_S2_PS0_iii' for 'sm_89'
ptxas info    : Function properties for _Z14ws_gemm_kernelILi128ELi128ELi64ELi2ELi1ELi4ELi0ELi0ELi0ELi0ELi0EEvPK6__halfS2_S2_PS0_iii
    0 bytes stack frame, 0 bytes spill stores, 0 bytes spill loads
ptxas info    : Used 166 registers, used 1 barriers, 396 bytes cmem[0]
ptxas info    : Compile time = 31.939 ms
ptxas info    : Compiling entry function '_Z14ws_gemm_kernelILi128ELi128ELi64ELi3ELi2ELi2ELi0ELi0ELi0ELi0ELi0EEvPK6__halfS2_S2_PS0_iii' for 'sm_89'
ptxas info    : Function properties for _Z14ws_gemm_kernelILi128ELi128ELi64ELi3ELi2ELi2ELi0ELi0ELi0ELi0ELi0EEvPK6__halfS2_S2_PS0_iii
    0 bytes stack frame, 0 bytes spill stores, 0 bytes spill loads
ptxas info    : Used 168 registers, used 1 barriers, 396 bytes cmem[0]
ptxas info    : Compile time = 40.519 ms
ptxas info    : Compiling entry function '_Z14ws_gemm_kernelILi128ELi128ELi64ELi2ELi2ELi2ELi0ELi0ELi0ELi0ELi0EEvPK6__halfS2_S2_PS0_iii' for 'sm_89'
ptxas info    : Function properties for _Z14ws_gemm_kernelILi128ELi128ELi64ELi2ELi2ELi2ELi0ELi0ELi0ELi0ELi0EEvPK6__halfS2_S2_PS0_iii
    0 bytes stack frame, 0 bytes spill stores, 0 bytes spill loads
ptxas info    : Used 168 registers, used 1 barriers, 396 bytes cmem[0]
ptxas info    : Compile time = 33.148 ms
ptxas info    : Compiling entry function '_Z14ws_gemm_kernelILi128ELi128ELi64ELi2ELi2ELi4ELi0ELi0ELi0ELi0ELi0EEvPK6__halfS2_S2_PS0_iii' for 'sm_89'
ptxas info    : Function properties for _Z14ws_gemm_kernelILi128ELi128ELi64ELi2ELi2ELi4ELi0ELi0ELi0ELi0ELi0EEvPK6__halfS2_S2_PS0_iii
    0 bytes stack frame, 0 bytes spill stores, 0 bytes spill loads
ptxas info    : Used 102 registers, used 1 barriers, 396 bytes cmem[0]
ptxas info    : Compile time = 15.851 ms
[2/3] c++ -MMD -MF g4_4_warpspec_gemm.o.d -DTORCH_EXTENSION_NAME=g4_3_warpspec -DTORCH_API_INCLUDE_EXTENSION_H -isystem /usr/local/lib/python3.12/dist-packages/torch/include -isystem /usr/local/lib/python3.12/dist-packages/torch/include/torch/csrc/api/include -isystem /usr/local/cuda/include -isystem /usr/include/python3.12 -fPIC -std=c++20 -c /work/csrc/g4_4_warpspec_gemm.cpp -o g4_4_warpspec_gemm.o 
[3/3] c++ g4_4_warpspec_gemm.o g4_4_warpspec_gemm.cuda.o -shared -L/usr/local/lib/python3.12/dist-packages/torch/lib -lc10 -lc10_cuda -ltorch_cpu -ltorch_cuda -ltorch -ltorch_python -L/usr/local/cuda/lib64 -lcudart -o g4_3_warpspec.so
[1/2] /usr/local/cuda/bin/nvcc -MD -MF g4_4_mma_gemm.cuda.o.d -DTORCH_EXTENSION_NAME=g4_4_mma_gemm_v3 -DTORCH_API_INCLUDE_EXTENSION_H -isystem /usr/local/lib/python3.12/dist-packages/torch/include -isystem /usr/local/lib/python3.12/dist-packages/torch/include/torch/csrc/api/include -isystem /usr/local/cuda/include -isystem /usr/include/python3.12 -D__CUDA_NO_HALF_OPERATORS__ -D__CUDA_NO_HALF_CONVERSIONS__ -D__CUDA_NO_BFLOAT16_CONVERSIONS__ -D__CUDA_NO_HALF2_OPERATORS__ --expt-relaxed-constexpr --compiler-options '-fPIC' -gencode=arch=compute_89,code=sm_89 -Xptxas -v -diag-suppress 179 -std=c++20 -c /work/csrc/g4_4_mma_gemm.cu -o g4_4_mma_gemm.cuda.o 
ptxas info    : 0 bytes gmem
ptxas info    : Compiling entry function '_Z15mma_gemm_kernelILi128ELi256ELi64ELi2ELi256ELi0EEvPK6__halfS2_S2_PS0_iii' for 'sm_89'
ptxas info    : Function properties for _Z15mma_gemm_kernelILi128ELi256ELi64ELi2ELi256ELi0EEvPK6__halfS2_S2_PS0_iii
    16 bytes stack frame, 12 bytes spill stores, 12 bytes spill loads
ptxas info    : Used 255 registers, used 1 barriers, 16 bytes cumulative stack size, 396 bytes cmem[0]
ptxas info    : Compile time = 78.358 ms
ptxas info    : Compiling entry function '_Z15mma_gemm_kernelILi256ELi128ELi64ELi2ELi0ELi1EEvPK6__halfS2_S2_PS0_iii' for 'sm_89'
ptxas info    : Function properties for _Z15mma_gemm_kernelILi256ELi128ELi64ELi2ELi0ELi1EEvPK6__halfS2_S2_PS0_iii
    0 bytes stack frame, 0 bytes spill stores, 0 bytes spill loads
ptxas info    : Used 235 registers, used 1 barriers, 396 bytes cmem[0]
ptxas info    : Compile time = 48.587 ms
ptxas info    : Compiling entry function '_Z15mma_gemm_kernelILi128ELi256ELi64ELi2ELi0ELi1EEvPK6__halfS2_S2_PS0_iii' for 'sm_89'
ptxas info    : Function properties for _Z15mma_gemm_kernelILi128ELi256ELi64ELi2ELi0ELi1EEvPK6__halfS2_S2_PS0_iii
    0 bytes stack frame, 0 bytes spill stores, 0 bytes spill loads
ptxas info    : Used 232 registers, used 1 barriers, 396 bytes cmem[0]
ptxas info    : Compile time = 46.875 ms
ptxas info    : Compiling entry function '_Z15mma_gemm_kernelILi256ELi128ELi64ELi2ELi0ELi0EEvPK6__halfS2_S2_PS0_iii' for 'sm_89'
ptxas info    : Function properties for _Z15mma_gemm_kernelILi256ELi128ELi64ELi2ELi0ELi0EEvPK6__halfS2_S2_PS0_iii
    0 bytes stack frame, 0 bytes spill stores, 0 bytes spill loads
ptxas info    : Used 144 registers, used 1 barriers, 396 bytes cmem[0]
ptxas info    : Compile time = 31.094 ms
ptxas info    : Compiling entry function '_Z15mma_gemm_kernelILi128ELi256ELi32ELi4ELi0ELi0EEvPK6__halfS2_S2_PS0_iii' for 'sm_89'
ptxas info    : Function properties for _Z15mma_gemm_kernelILi128ELi256ELi32ELi4ELi0ELi0EEvPK6__halfS2_S2_PS0_iii
    0 bytes stack frame, 0 bytes spill stores, 0 bytes spill loads
ptxas info    : Used 158 registers, used 1 barriers, 396 bytes cmem[0]
ptxas info    : Compile time = 27.120 ms
ptxas info    : Compiling entry function '_Z15mma_gemm_kernelILi256ELi128ELi32ELi4ELi0ELi0EEvPK6__halfS2_S2_PS0_iii' for 'sm_89'
ptxas info    : Function properties for _Z15mma_gemm_kernelILi256ELi128ELi32ELi4ELi0ELi0EEvPK6__halfS2_S2_PS0_iii
    0 bytes stack frame, 0 bytes spill stores, 0 bytes spill loads
ptxas info    : Used 158 registers, used 1 barriers, 396 bytes cmem[0]
ptxas info    : Compile time = 26.752 ms
ptxas info    : Compiling entry function '_Z15mma_gemm_kernelILi128ELi256ELi64ELi2ELi0ELi0EEvPK6__halfS2_S2_PS0_iii' for 'sm_89'
ptxas info    : Function properties for _Z15mma_gemm_kernelILi128ELi256ELi64ELi2ELi0ELi0EEvPK6__halfS2_S2_PS0_iii
    0 bytes stack frame, 0 bytes spill stores, 0 bytes spill loads
ptxas info    : Used 164 registers, used 1 barriers, 396 bytes cmem[0]
ptxas info    : Compile time = 30.020 ms
ptxas info    : Compiling entry function '_Z15mma_gemm_kernelILi128ELi128ELi64ELi2ELi0ELi1EEvPK6__halfS2_S2_PS0_iii' for 'sm_89'
ptxas info    : Function properties for _Z15mma_gemm_kernelILi128ELi128ELi64ELi2ELi0ELi1EEvPK6__halfS2_S2_PS0_iii
    0 bytes stack frame, 0 bytes spill stores, 0 bytes spill loads
ptxas info    : Used 128 registers, used 1 barriers, 396 bytes cmem[0]
ptxas info    : Compile time = 21.368 ms
ptxas info    : Compiling entry function '_Z15mma_gemm_kernelILi128ELi128ELi64ELi3ELi0ELi1EEvPK6__halfS2_S2_PS0_iii' for 'sm_89'
ptxas info    : Function properties for _Z15mma_gemm_kernelILi128ELi128ELi64ELi3ELi0ELi1EEvPK6__halfS2_S2_PS0_iii
    0 bytes stack frame, 0 bytes spill stores, 0 bytes spill loads
ptxas info    : Used 159 registers, used 1 barriers, 396 bytes cmem[0]
ptxas info    : Compile time = 25.666 ms
ptxas info    : Compiling entry function '_Z15mma_gemm_kernelILi64ELi128ELi64ELi2ELi0ELi1EEvPK6__halfS2_S2_PS0_iii' for 'sm_89'
ptxas info    : Function properties for _Z15mma_gemm_kernelILi64ELi128ELi64ELi2ELi0ELi1EEvPK6__halfS2_S2_PS0_iii
    0 bytes stack frame, 0 bytes spill stores, 0 bytes spill loads
ptxas info    : Used 94 registers, used 1 barriers, 396 bytes cmem[0]
ptxas info    : Compile time = 12.205 ms
ptxas info    : Compiling entry function '_Z15mma_gemm_kernelILi64ELi128ELi64ELi3ELi0ELi1EEvPK6__halfS2_S2_PS0_iii' for 'sm_89'
ptxas info    : Function properties for _Z15mma_gemm_kernelILi64ELi128ELi64ELi3ELi0ELi1EEvPK6__halfS2_S2_PS0_iii
    0 bytes stack frame, 0 bytes spill stores, 0 bytes spill loads
ptxas info    : Used 93 registers, used 1 barriers, 396 bytes cmem[0]
ptxas info    : Compile time = 14.881 ms
ptxas info    : Compiling entry function '_Z15mma_gemm_kernelILi128ELi128ELi64ELi3ELi256ELi0EEvPK6__halfS2_S2_PS0_iii' for 'sm_89'
ptxas info    : Function properties for _Z15mma_gemm_kernelILi128ELi128ELi64ELi3ELi256ELi0EEvPK6__halfS2_S2_PS0_iii
    0 bytes stack frame, 0 bytes spill stores, 0 bytes spill loads
ptxas info    : Used 168 registers, used 1 barriers, 396 bytes cmem[0]
ptxas info    : Compile time = 34.093 ms
ptxas info    : Compiling entry function '_Z15mma_gemm_kernelILi128ELi128ELi32ELi4ELi0ELi0EEvPK6__halfS2_S2_PS0_iii' for 'sm_89'
ptxas info    : Function properties for _Z15mma_gemm_kernelILi128ELi128ELi32ELi4ELi0ELi0EEvPK6__halfS2_S2_PS0_iii
    0 bytes stack frame, 0 bytes spill stores, 0 bytes spill loads
ptxas info    : Used 83 registers, used 1 barriers, 396 bytes cmem[0]
ptxas info    : Compile time = 14.575 ms
ptxas info    : Compiling entry function '_Z15mma_gemm_kernelILi128ELi128ELi32ELi6ELi0ELi0EEvPK6__halfS2_S2_PS0_iii' for 'sm_89'
ptxas info    : Function properties for _Z15mma_gemm_kernelILi128ELi128ELi32ELi6ELi0ELi0EEvPK6__halfS2_S2_PS0_iii
    0 bytes stack frame, 0 bytes spill stores, 0 bytes spill loads
ptxas info    : Used 92 registers, used 1 barriers, 396 bytes cmem[0]
ptxas info    : Compile time = 16.129 ms
ptxas info    : Compiling entry function '_Z15mma_gemm_kernelILi128ELi128ELi64ELi2ELi0ELi0EEvPK6__halfS2_S2_PS0_iii' for 'sm_89'
ptxas info    : Function properties for _Z15mma_gemm_kernelILi128ELi128ELi64ELi2ELi0ELi0EEvPK6__halfS2_S2_PS0_iii
    0 bytes stack frame, 0 bytes spill stores, 0 bytes spill loads
ptxas info    : Used 102 registers, used 1 barriers, 396 bytes cmem[0]
ptxas info    : Compile time = 15.460 ms
ptxas info    : Compiling entry function '_Z15mma_gemm_kernelILi128ELi128ELi64ELi3ELi0ELi0EEvPK6__halfS2_S2_PS0_iii' for 'sm_89'
ptxas info    : Function properties for _Z15mma_gemm_kernelILi128ELi128ELi64ELi3ELi0ELi0EEvPK6__halfS2_S2_PS0_iii
    0 bytes stack frame, 0 bytes spill stores, 0 bytes spill loads
ptxas info    : Used 98 registers, used 1 barriers, 396 bytes cmem[0]
ptxas info    : Compile time = 18.684 ms
ptxas info    : Compiling entry function '_Z15mma_gemm_kernelILi64ELi128ELi64ELi3ELi64ELi0EEvPK6__halfS2_S2_PS0_iii' for 'sm_89'
ptxas info    : Function properties for _Z15mma_gemm_kernelILi64ELi128ELi64ELi3ELi64ELi0EEvPK6__halfS2_S2_PS0_iii
    0 bytes stack frame, 0 bytes spill stores, 0 bytes spill loads
ptxas info    : Used 122 registers, used 1 barriers, 396 bytes cmem[0]
ptxas info    : Compile time = 16.525 ms
ptxas info    : Compiling entry function '_Z15mma_gemm_kernelILi64ELi128ELi32ELi7ELi128ELi0EEvPK6__halfS2_S2_PS0_iii' for 'sm_89'
ptxas info    : Function properties for _Z15mma_gemm_kernelILi64ELi128ELi32ELi7ELi128ELi0EEvPK6__halfS2_S2_PS0_iii
    0 bytes stack frame, 0 bytes spill stores, 0 bytes spill loads
ptxas info    : Used 96 registers, used 1 barriers, 396 bytes cmem[0]
ptxas info    : Compile time = 15.121 ms
ptxas info    : Compiling entry function '_Z15mma_gemm_kernelILi64ELi128ELi64ELi3ELi128ELi0EEvPK6__halfS2_S2_PS0_iii' for 'sm_89'
ptxas info    : Function properties for _Z15mma_gemm_kernelILi64ELi128ELi64ELi3ELi128ELi0EEvPK6__halfS2_S2_PS0_iii
    0 bytes stack frame, 0 bytes spill stores, 0 bytes spill loads
ptxas info    : Used 125 registers, used 1 barriers, 396 bytes cmem[0]
ptxas info    : Compile time = 17.726 ms
ptxas info    : Compiling entry function '_Z15mma_gemm_kernelILi64ELi128ELi32ELi7ELi256ELi0EEvPK6__halfS2_S2_PS0_iii' for 'sm_89'
ptxas info    : Function properties for _Z15mma_gemm_kernelILi64ELi128ELi32ELi7ELi256ELi0EEvPK6__halfS2_S2_PS0_iii
    0 bytes stack frame, 0 bytes spill stores, 0 bytes spill loads
ptxas info    : Used 96 registers, used 1 barriers, 396 bytes cmem[0]
ptxas info    : Compile time = 15.309 ms
ptxas info    : Compiling entry function '_Z15mma_gemm_kernelILi64ELi128ELi64ELi3ELi256ELi0EEvPK6__halfS2_S2_PS0_iii' for 'sm_89'
ptxas info    : Function properties for _Z15mma_gemm_kernelILi64ELi128ELi64ELi3ELi256ELi0EEvPK6__halfS2_S2_PS0_iii
    0 bytes stack frame, 0 bytes spill stores, 0 bytes spill loads
ptxas info    : Used 125 registers, used 1 barriers, 396 bytes cmem[0]
ptxas info    : Compile time = 18.128 ms
ptxas info    : Compiling entry function '_Z15mma_gemm_kernelILi64ELi128ELi32ELi5ELi0ELi0EEvPK6__halfS2_S2_PS0_iii' for 'sm_89'
ptxas info    : Function properties for _Z15mma_gemm_kernelILi64ELi128ELi32ELi5ELi0ELi0EEvPK6__halfS2_S2_PS0_iii
    0 bytes stack frame, 0 bytes spill stores, 0 bytes spill loads
ptxas info    : Used 64 registers, used 1 barriers, 396 bytes cmem[0]
ptxas info    : Compile time = 8.937 ms
ptxas info    : Compiling entry function '_Z15mma_gemm_kernelILi64ELi128ELi32ELi4ELi0ELi0EEvPK6__halfS2_S2_PS0_iii' for 'sm_89'
ptxas info    : Function properties for _Z15mma_gemm_kernelILi64ELi128ELi32ELi4ELi0ELi0EEvPK6__halfS2_S2_PS0_iii
    0 bytes stack frame, 0 bytes spill stores, 0 bytes spill loads
ptxas info    : Used 63 registers, used 1 barriers, 396 bytes cmem[0]
ptxas info    : Compile time = 8.826 ms
ptxas info    : Compiling entry function '_Z15mma_gemm_kernelILi64ELi128ELi32ELi7ELi0ELi0EEvPK6__halfS2_S2_PS0_iii' for 'sm_89'
ptxas info    : Function properties for _Z15mma_gemm_kernelILi64ELi128ELi32ELi7ELi0ELi0EEvPK6__halfS2_S2_PS0_iii
    0 bytes stack frame, 0 bytes spill stores, 0 bytes spill loads
ptxas info    : Used 64 registers, used 1 barriers, 396 bytes cmem[0]
ptxas info    : Compile time = 9.821 ms
ptxas info    : Compiling entry function '_Z15mma_gemm_kernelILi64ELi128ELi64ELi2ELi0ELi0EEvPK6__halfS2_S2_PS0_iii' for 'sm_89'
ptxas info    : Function properties for _Z15mma_gemm_kernelILi64ELi128ELi64ELi2ELi0ELi0EEvPK6__halfS2_S2_PS0_iii
    0 bytes stack frame, 0 bytes spill stores, 0 bytes spill loads
ptxas info    : Used 70 registers, used 1 barriers, 396 bytes cmem[0]
ptxas info    : Compile time = 9.931 ms
ptxas info    : Compiling entry function '_Z15mma_gemm_kernelILi64ELi128ELi64ELi3ELi0ELi0EEvPK6__halfS2_S2_PS0_iii' for 'sm_89'
ptxas info    : Function properties for _Z15mma_gemm_kernelILi64ELi128ELi64ELi3ELi0ELi0EEvPK6__halfS2_S2_PS0_iii
    0 bytes stack frame, 0 bytes spill stores, 0 bytes spill loads
ptxas info    : Used 73 registers, used 1 barriers, 396 bytes cmem[0]
ptxas info    : Compile time = 12.434 ms
[2/2] c++ g4_4_mma_gemm.o g4_4_mma_gemm.cuda.o -shared -L/usr/local/lib/python3.12/dist-packages/torch/lib -lc10 -lc10_cuda -ltorch_cpu -ltorch_cuda -ltorch -ltorch_python -L/usr/local/cuda/lib64 -lcudart -o g4_4_mma_gemm_v3.so

warpspec configs:
  [ 0] BM128 BN128 BK64 stg2 | cons 2x4 (wtile 64x32) ld0 extra0 | thr256 plain    stgEpi         smem=64KB
  [ 1] BM128 BN128 BK64 stg2 | cons 2x2 (wtile 64x64) ld0 extra0 | thr128 plain    stgEpi         smem=64KB
  [ 2] BM128 BN128 BK64 stg3 | cons 2x2 (wtile 64x64) ld0 extra0 | thr128 plain    stgEpi         smem=96KB
  [ 3] BM128 BN128 BK64 stg2 | cons 1x4 (wtile 128x32) ld0 extra0 | thr128 plain    stgEpi         smem=64KB
  [ 4] BM128 BN128 BK64 stg2 | cons 2x4 (wtile 64x32) ld0 extra0 | thr256 plain    stgEpi  regdb  smem=64KB
  [ 5] BM128 BN128 BK64 stg2 | cons 2x2 (wtile 64x64) ld0 extra0 | thr128 plain    stgEpi  regdb  smem=64KB
  [ 6] BM128 BN128 BK64 stg2 | cons 2x4 (wtile 64x32) ld0 extra0 | thr256 plain    smemEpi        smem=64KB
  [ 7] BM128 BN128 BK64 stg2 | cons 2x2 (wtile 64x64) ld0 extra0 | thr128 plain    smemEpi        smem=64KB
  [ 8] BM128 BN128 BK64 stg2 | cons 2x2 (wtile 64x64) ld0 extra0 | thr128 plain    smemEpi regdb  smem=64KB
  [ 9] BM128 BN128 BK64 stg3 | cons 2x2 (wtile 64x64) ld0 extra0 | thr128 plain    smemEpi regdb  smem=96KB
  [10] BM128 BN128 BK64 stg2 | cons 2x2 (wtile 64x64) ld2 extra2 | thr256 WARPSPEC smemEpi regdb  smem=64KB
  [11] BM128 BN128 BK64 stg3 | cons 2x2 (wtile 64x64) ld2 extra2 | thr256 WARPSPEC smemEpi regdb  smem=96KB
  [12] BM128 BN128 BK64 stg2 | cons 2x2 (wtile 64x64) ld2 extra0 | thr192 WARPSPEC smemEpi regdb  smem=64KB
  [13] BM128 BN128 BK64 stg3 | cons 2x2 (wtile 64x64) ld2 extra0 | thr192 WARPSPEC smemEpi regdb  smem=96KB
  [14] BM128 BN128 BK64 stg2 | cons 2x2 (wtile 64x64) ld4 extra0 | thr256 WARPSPEC smemEpi regdb  smem=64KB
  [15] BM128 BN128 BK64 stg3 | cons 2x2 (wtile 64x64) ld4 extra0 | thr256 WARPSPEC smemEpi regdb  smem=96KB
  [16] BM128 BN128 BK64 stg2 | cons 2x2 (wtile 64x64) ld2 extra0 | thr192 WARPSPEC smemEpi        smem=64KB
  [17] BM128 BN128 BK64 stg3 | cons 2x2 (wtile 64x64) ld2 extra0 | thr192 WARPSPEC smemEpi        smem=96KB
  [18] BM256 BN128 BK64 stg2 | cons 4x2 (wtile 64x64) ld0 extra0 | thr256 plain    smemEpi regdb  smem=96KB
  [19] BM128 BN256 BK64 stg2 | cons 2x4 (wtile 64x64) ld0 extra0 | thr256 plain    smemEpi regdb  smem=96KB
  [20] BM256 BN128 BK64 stg2 | cons 4x2 (wtile 64x64) ld2 extra0 | thr320 WARPSPEC smemEpi regdb  smem=96KB
  [21] BM128 BN256 BK64 stg2 | cons 2x4 (wtile 64x64) ld2 extra0 | thr320 WARPSPEC smemEpi regdb  smem=96KB
  [22] BM128 BN64 BK64 stg4 | cons 2x1 (wtile 64x64) ld0 extra0 | thr64 plain    smemEpi regdb  smem=96KB
  [23] BM128 BN64 BK64 stg4 | cons 2x1 (wtile 64x64) ld2 extra0 | thr128 WARPSPEC smemEpi regdb  smem=96KB
  [24] BM128 BN128 BK64 stg2 | cons 2x2 (wtile 64x64) ld0 extra0 | thr128 plain    smemEpi regdb  smem=64KB split256
  [25] BM128 BN128 BK64 stg2 | cons 2x2 (wtile 64x64) ld2 extra0 | thr192 WARPSPEC smemEpi regdb  smem=64KB split256

==============================================================================
CHECK 1 -- warpspec cfg[0] must be BITWISE == g4_4_mma_gemm cfg[11]
            (same tile, same 2x4 warp grid, same accumulate order)
  M=  512 K= 256 N=  512  bitwise identical: True   (differing elements: 0/262144)
  M=  768 K= 512 N=  768  bitwise identical: True   (differing elements: 0/589824)
  M=  256 K= 512 N= 1536  bitwise identical: True   (differing elements: 0/393216)
  -> CHECK 1 PASS

==============================================================================
CHECK 2 -- exact integer input; fp16 accumulate must be EXACT
  cfg[ 0] EXACT
  cfg[ 1] EXACT
  cfg[ 2] EXACT
  cfg[ 3] EXACT
  cfg[ 4] EXACT
  cfg[ 5] EXACT
  cfg[ 6] EXACT
  cfg[ 7] EXACT
  cfg[ 8] EXACT
  cfg[ 9] EXACT
  cfg[10] EXACT
  cfg[11] EXACT
  cfg[12] EXACT
  cfg[13] EXACT
  cfg[14] EXACT
  cfg[15] EXACT
  cfg[16] EXACT
  cfg[17] EXACT
  cfg[18] EXACT
  cfg[19] EXACT
  cfg[20] EXACT
  cfg[21] EXACT
  cfg[22] EXACT
  cfg[23] EXACT
  cfg[24] EXACT
  cfg[25] EXACT
  -> CHECK 2 PASS

==============================================================================
CHECK 3 -- one-hot sweep (catches index transposition / swizzle chunk swaps)
  cfg[ 0] one-hot mismatches: 0 / 150
  cfg[ 1] one-hot mismatches: 0 / 150
  cfg[ 2] one-hot mismatches: 0 / 150
  cfg[ 3] one-hot mismatches: 0 / 150
  cfg[ 4] one-hot mismatches: 0 / 150
  cfg[ 5] one-hot mismatches: 0 / 150
  cfg[ 6] one-hot mismatches: 0 / 150
  cfg[ 7] one-hot mismatches: 0 / 150
  cfg[ 8] one-hot mismatches: 0 / 150
  cfg[ 9] one-hot mismatches: 0 / 150
  cfg[10] one-hot mismatches: 0 / 150
  cfg[11] one-hot mismatches: 0 / 150
  cfg[12] one-hot mismatches: 0 / 150
  cfg[13] one-hot mismatches: 0 / 150
  cfg[14] one-hot mismatches: 0 / 150
  cfg[15] one-hot mismatches: 0 / 150
  cfg[16] one-hot mismatches: 0 / 150
  cfg[17] one-hot mismatches: 0 / 150
  cfg[18] one-hot mismatches: 0 / 150
  cfg[19] one-hot mismatches: 0 / 150
  cfg[20] one-hot mismatches: 0 / 150
  cfg[21] one-hot mismatches: 0 / 150
  cfg[22] one-hot mismatches: 0 / 150
  cfg[23] one-hot mismatches: 0 / 150
  cfg[24] one-hot mismatches: 0 / 150
  cfg[25] one-hot mismatches: 0 / 150
  -> CHECK 3 PASS

==============================================================================
CHECK 4/5 -- random fp16 vs fp64, every config x every shape
  M=  512 K= 256 N=  512 (|ref|max=1.448): 
      [0]3.9e-03  [1]3.9e-03  [2]3.9e-03  [3]3.9e-03  [4]3.9e-03  [5]3.9e-03  [6]3.9e-03  [7]3.9e-03  [8]3.9e-03  [9]3.9e-03  [10]3.9e-03  [11]3.9e-03  [12]3.9e-03  [13]3.9e-03  [14]3.9e-03  [15]3.9e-03  [16]3.9e-03  [17]3.9e-03  [18]3.9e-03  [19]3.9e-03  [20]3.9e-03  [21]3.9e-03  [22]3.9e-03  [23]3.9e-03  [24]3.9e-03  [25]3.9e-03
  M=  768 K= 512 N=  768 (|ref|max=2.248): 
      [0]6.0e-03  [1]6.0e-03  [2]6.0e-03  [3]6.0e-03  [4]6.0e-03  [5]6.0e-03  [6]6.0e-03  [7]6.0e-03  [8]6.0e-03  [9]6.0e-03  [10]6.0e-03  [11]6.0e-03  [12]6.0e-03  [13]6.0e-03  [14]6.0e-03  [15]6.0e-03  [16]6.0e-03  [17]6.0e-03  [18]6.0e-03  [19]6.0e-03  [20]6.0e-03  [21]6.0e-03  [22]6.0e-03  [23]6.0e-03  [24]3.7e-03  [25]3.7e-03
  M=  256 K= 512 N= 1536 (|ref|max=2.249): 
      [0]5.1e-03  [1]5.1e-03  [2]5.1e-03  [3]5.1e-03  [4]5.1e-03  [5]5.1e-03  [6]5.1e-03  [7]5.1e-03  [8]5.1e-03  [9]5.1e-03  [10]5.1e-03  [11]5.1e-03  [12]5.1e-03  [13]5.1e-03  [14]5.1e-03  [15]5.1e-03  [16]5.1e-03  [17]5.1e-03  [18]5.1e-03  [19]5.1e-03  [20]5.1e-03  [21]5.1e-03  [22]5.1e-03  [23]5.1e-03  [24]3.5e-03  [25]3.5e-03
  -> CHECK 4/5 PASS

==============================================================================
G4.3 STAGE 0a VERDICT: PASS -- warp-spec kernel is correct, throughput numbers from it may be trusted
