INFO:    gocryptfs not found, will not be able to use gocryptfs
NVIDIA GeForce RTX 4090 | torch 2.13.0+cu130

configs under test:
  [ 8] BM128 BN128 BK64 stg2 | cons 2x2 (wtile 64x64) ld0 extra0 | thr128 plain    smemEpi regdb  smem=64KB
  [14] BM128 BN128 BK64 stg2 | cons 2x2 (wtile 64x64) ld4 extra0 | thr256 WARPSPEC smemEpi regdb  smem=64KB
  [26] BM128 BN128 BK64 stg2 | cons 2x2 (wtile 64x64) ld4 extra0 | thr256 WARPSPEC smemEpi regdb  smem=64KB ldm4b
  [29] BM128 BN128 BK64 stg2 | cons 2x2 (wtile 64x64) ld4 extra0 | thr256 WARPSPEC smemEpi regdb  smem=64KB ldm4b stcs
  [33] BM128 BN256 BK64 stg2 | cons 2x4 (wtile 64x64) ld0 extra0 | thr256 plain    smemEpi regdb  smem=96KB ldm4b stcs
  [37] BM256 BN128 BK64 stg2 | cons 4x2 (wtile 64x64) ld0 extra0 | thr256 plain    smemEpi regdb  smem=96KB ldm4b stcs swz8
  [39] BM128 BN128 BK64 stg2 | cons 1x4 (wtile 128x32) ld4 extra0 | thr256 WARPSPEC smemEpi regdb  smem=64KB ldm4b stcs
  [45] BM128 BN128 BK64 stg2 | cons 2x4 (wtile 64x32) ld0 extra0 | thr256 plain    smemEpi regdb  smem=64KB ldm4b stcs

======================================================================================================================
shape                             M     K     N   torch us   best us  cfg  speedup      TF  %tier
----------------------------------------------------------------------------------------------------------------------
d512 tiny      qkv              128   512  1536      4.446     9.657   26   x0.460   20.85   6.3%   [8:10.33  14:9.73  26:9.66  29:9.66  33:18.71  39:9.85  45:10.21]
d512 tiny      out_proj         128   512   512      3.389     9.607   26   x0.353    6.99   2.1%   [8:10.26  14:9.69  26:9.61  29:9.62  33:18.67  39:9.69  45:10.05]
d512 default   qkv             1024   512  1536     14.404    10.745   29   x1.341  149.90  45.4%   [8:11.14  14:10.79  26:10.78  29:10.74  33:19.27  37:19.31  39:10.79  45:11.15]
d512 default   out_proj        1024   512   512      6.898     9.731   26   x0.709   55.17  16.7%   [8:10.39  14:9.78  26:9.73  29:9.74  33:18.71  37:18.72  39:9.80  45:10.17]
d512 default   ffn_in          1024   512  2048     18.131    11.303   26   x1.604  189.99  57.5%   [8:11.62  14:11.39  26:11.30  29:11.30  33:19.67  37:19.78  39:11.34  45:11.72]
d512 default   ffn_out         1024  2048   512     29.208    31.724   26   x0.921   67.69  20.5%   [8:34.07  14:31.85  26:31.72  29:31.73  33:66.21  37:66.10  39:31.99  45:34.13]
d512 long_seq  qkv             8192   512  1536     87.587    59.566   26   x1.470  216.31  65.5%   [8:63.05  14:59.91  26:59.57  29:59.58  33:61.62  37:61.84  39:60.13  45:64.03]
d512 long_seq  out_proj        8192   512   512     31.132    21.102   26   x1.475  203.54  61.6%   [8:21.93  14:21.20  26:21.10  29:21.11  33:21.86  37:21.88  39:21.18  45:21.75]
d512 long_seq  ffn_in          8192   512  2048    115.356    79.444   39   x1.452  216.25  65.5%   [8:82.84  14:81.10  26:83.21  29:82.11  33:80.83  37:80.97  39:79.44  45:84.99]
d512 long_seq  ffn_out         8192  2048   512    111.702    70.402   37   x1.587  244.03  73.9%   [8:71.33  14:71.30  26:70.60  29:70.60  33:70.74  37:70.40  39:70.56  45:74.33]
d512 largebat  qkv            32768   512  1536    346.972   244.700   33   x1.418  210.62  63.8%   [8:269.87  14:264.92  26:264.14  29:254.65  33:244.70  37:247.35  39:253.51  45:260.28]
d512 largebat  out_proj       32768   512   512    115.308    79.828   39   x1.444  215.21  65.2%   [8:83.76  14:81.46  26:82.39  29:81.82  33:80.35  37:80.61  39:79.83  45:85.01]
d512 largebat  ffn_in         32768   512  2048    459.406   322.323   37   x1.425  213.20  64.5%   [8:358.17  14:356.18  26:355.36  29:328.95  33:324.78  37:322.32  39:322.53  45:350.37]
d512 largebat  ffn_out        32768  2048   512    470.023   299.046   33   x1.572  229.80  69.6%   [8:311.56  14:309.07  26:306.74  29:306.89  33:299.05  37:300.30  39:314.15  45:316.91]
d128 #2  B1     qkv             128   128   384      1.991     4.074   45   x0.489    3.09   0.9%   [8:4.34  14:4.18  26:4.12  29:4.12  39:4.17  45:4.07]
d128 #3  B4     qkv             512   128   384      2.477     4.162   26   x0.595   12.09   3.7%   [8:4.41  14:4.23  26:4.16  29:4.17  37:6.90  39:4.30  45:4.21]
d128 #4  B16    qkv            2048   128   384      4.462     4.325   45   x1.032   46.55  14.1%   [8:4.55  14:4.44  26:4.41  29:4.41  37:6.94  39:4.42  45:4.33]
d128 #1  B64    qkv            8192   128   384     11.264     8.944   45   x1.259   90.04  27.3%   [8:9.18  14:9.05  26:8.98  29:8.98  37:9.10  39:9.01  45:8.94]
d128 #1  B64    out_proj       8192   128   128      5.020     4.626   45   x1.085   58.03  17.6%   [8:4.82  14:4.72  26:4.69  29:4.70  37:7.08  39:4.75  45:4.63]
d128 #1  B64    ffn_in         8192   128   128      5.018     4.616   45   x1.087   58.16  17.6%   [8:4.82  14:4.72  26:4.69  29:4.69  37:7.07  39:4.76  45:4.62]
d128 #5  B128   qkv           16384   128   384     16.704    13.965   45   x1.196  115.34  34.9%   [8:14.71  14:14.47  26:14.29  29:14.30  37:16.88  39:14.11  45:13.96]
d128 #13 S1024  qkv           65536   128   384     52.531    47.969   37   x1.095  134.30  40.7%   [8:50.22  14:48.72  26:48.44  29:48.60  37:47.97  39:49.67  45:50.86]
d128 #13 S1024  out_proj      65536   128   128     21.194    17.513   45   x1.210  122.62  37.1%   [8:18.53  14:17.82  26:17.71  29:17.76  37:18.12  39:18.21  45:17.51]
d128 #6  B10000 qkv         1280000   128   384   1454.393  1446.286    8   x1.006   87.00  26.3%   [8:1446.29  14:1446.43  26:1446.43  29:1446.46  37:1456.95  39:1447.59  45:1447.27]
d128 #6  B10000 out_proj    1280000   128   128    714.553   708.693   45   x1.008   59.18  17.9%   [8:708.86  14:708.81  26:708.81  29:708.84  37:711.25  39:708.72  45:708.69]
d1024 #8 B64    qkv            8192  1024  3072    324.882   221.777   37   x1.465  232.39  70.4%   [8:223.73  14:223.84  26:225.15  29:222.81  33:222.27  37:221.78  39:226.13  45:234.12]
d1024 #8 B64    out_proj       8192  1024  1024    111.089    71.803   39   x1.547  239.26  72.4%   [8:74.17  14:73.21  26:73.97  29:73.22  33:74.16  37:73.86  39:71.80  45:78.20]
d1024 #8 B64    ffn_in         8192  1024  1024    111.090    72.015   39   x1.543  238.56  72.2%   [8:74.14  14:72.70  26:72.93  29:73.83  33:74.38  37:73.88  39:72.02  45:77.60]

======================================================================================================================
GENERALIST CHECK -- one config that must be picked for ALL shapes if this is to be a static gate
(see the per-cfg times in brackets above)

WHOLE-MODEL DILUTION (attention GEMMs only: qkv + out_proj, x6 layers at d512 / x4 at d128):
  d512 default    GEMMs     127.8 us ->     122.9 us (save     5.0 us) of a     654.3 us optimized forward (run90) = 19.53% of forward, saving  0.76%  -> model speedup x1.0076
  d512 long_seq   GEMMs     712.3 us ->     484.0 us (save   228.3 us) of a    5418.1 us optimized forward (run90) = 13.15% of forward, saving  4.21%  -> model speedup x1.0440
  d512 largebat   GEMMs    2773.7 us ->    1947.2 us (save   826.5 us) of a   21263.4 us optimized forward (run90) = 13.04% of forward, saving  3.89%  -> model speedup x1.0404

NOTE: run90's forward times are a STALE reference (the elites have moved since). They are used only to size the fraction, and the real number must come from benchmark.py itself.
