INFO:    gocryptfs not found, will not be able to use gocryptfs
NVIDIA GeForce RTX 4090 | torch 2.13.0+cu130 | cuda 13.0
[1/3] /usr/local/cuda/bin/nvcc -MD -MF g4_4_mma_micro.cuda.o.d -DTORCH_EXTENSION_NAME=g4_4_mma_micro -DTORCH_API_INCLUDE_EXTENSION_H -isystem /usr/local/lib/python3.12/dist-packages/torch/include -isystem /usr/local/lib/python3.12/dist-packages/torch/include/torch/csrc/api/include -isystem /usr/local/cuda/include -isystem /usr/include/python3.12 -D__CUDA_NO_HALF_OPERATORS__ -D__CUDA_NO_HALF_CONVERSIONS__ -D__CUDA_NO_BFLOAT16_CONVERSIONS__ -D__CUDA_NO_HALF2_OPERATORS__ --expt-relaxed-constexpr --compiler-options '-fPIC' -gencode=arch=compute_89,code=sm_89 -Xptxas -v --use_fast_math -std=c++20 -c /work/csrc/g4_4_mma_micro.cu -o g4_4_mma_micro.cuda.o 
ptxas info    : 0 bytes gmem
ptxas info    : Compiling entry function '_Z16mma_micro_kernelPK6__halfS1_PS_S2_' for 'sm_89'
ptxas info    : Function properties for _Z16mma_micro_kernelPK6__halfS1_PS_S2_
    0 bytes stack frame, 0 bytes spill stores, 0 bytes spill loads
ptxas info    : Used 39 registers, used 0 barriers, 768 bytes smem, 384 bytes cmem[0]
ptxas info    : Compile time = 53.395 ms
[2/3] c++ -MMD -MF g4_4_mma_micro.o.d -DTORCH_EXTENSION_NAME=g4_4_mma_micro -DTORCH_API_INCLUDE_EXTENSION_H -isystem /usr/local/lib/python3.12/dist-packages/torch/include -isystem /usr/local/lib/python3.12/dist-packages/torch/include/torch/csrc/api/include -isystem /usr/local/cuda/include -isystem /usr/include/python3.12 -fPIC -std=c++20 -c /work/csrc/g4_4_mma_micro.cpp -o g4_4_mma_micro.o 
[3/3] c++ g4_4_mma_micro.o g4_4_mma_micro.cuda.o -shared -L/usr/local/lib/python3.12/dist-packages/torch/lib -lc10 -lc10_cuda -ltorch_cpu -ltorch_cuda -ltorch -ltorch_python -L/usr/local/cuda/lib64 -lcudart -o g4_4_mma_micro.so

==============================================================================
check 1 -- deterministic integer input, EXACT expected answer
  D_ld : max_abs vs fp64 = 0.000000e+00
  ldmatrix path == hand-assembled path (bitwise): True

check 2 -- random fp16 input
  worst max_abs vs fp64 over 8 seeds = 5.765021e-03
  ldmatrix == hand-assembled on all 8 seeds: True

check 3 -- one-hot sweep (catches any index transposition)
  one-hot mismatches: 0 / 75

==============================================================================
STAGE 0a VERDICT: PASS -- fragment addressing verified
