INFO:    gocryptfs not found, will not be able to use gocryptfs
NVIDIA GeForce RTX 4090 | torch 2.13.0+cu130

configs under test:
  [26] outf32=0  BM128 BN128 BK64 stg2 | cons 2x2 (wtile 64x64) ld4 extra0 | thr256 WARPSPEC smemEpi regdb  smem=64KB ldm4b
  [33] outf32=0  BM128 BN256 BK64 stg2 | cons 2x4 (wtile 64x64) ld0 extra0 | thr256 plain    smemEpi regdb  smem=96KB ldm4b stcs
  [37] outf32=0  BM256 BN128 BK64 stg2 | cons 4x2 (wtile 64x64) ld0 extra0 | thr256 plain    smemEpi regdb  smem=96KB ldm4b stcs swz8
  [39] outf32=0  BM128 BN128 BK64 stg2 | cons 1x4 (wtile 128x32) ld4 extra0 | thr256 WARPSPEC smemEpi regdb  smem=64KB ldm4b stcs
  [48] outf32=0  BM128 BN128 BK64 stg2 | cons 2x2 (wtile 64x64) ld4 extra0 | thr256 WARPSPEC smemEpi regdb  smem=64KB ldm4b split64
  [51] outf32=1  BM128 BN128 BK64 stg2 | cons 2x2 (wtile 64x64) ld4 extra0 | thr256 WARPSPEC smemEpi regdb  smem=64KB ldm4b GELU->fp32
  [52] outf32=1  BM128 BN128 BK64 stg2 | cons 2x2 (wtile 64x64) ld4 extra0 | thr256 WARPSPEC smemEpi regdb  smem=64KB ldm4b split64 GELU->fp32
  [53] outf32=0  BM128 BN128 BK64 stg2 | cons 2x2 (wtile 64x64) ld4 extra0 | thr256 WARPSPEC smemEpi regdb  smem=64KB ldm4b ACCF32
  [54] outf32=1  BM128 BN128 BK64 stg2 | cons 2x2 (wtile 64x64) ld4 extra0 | thr256 WARPSPEC smemEpi regdb  smem=64KB ldm4b ACCF32 GELU->fp32
  [55] outf32=1  BM128 BN128 BK64 stg2 | cons 1x4 (wtile 128x32) ld4 extra0 | thr256 WARPSPEC smemEpi regdb  smem=64KB ldm4b stcs GELU->fp32
  [56] outf32=1  BM128 BN128 BK64 stg2 | cons 1x4 (wtile 128x32) ld4 extra0 | thr256 WARPSPEC smemEpi regdb  smem=64KB ldm4b stcs split64 GELU->fp32
  [57] outf32=0  BM128 BN128 BK64 stg2 | cons 1x4 (wtile 128x32) ld4 extra0 | thr256 WARPSPEC smemEpi regdb  smem=64KB ldm4b stcs ACCF32
  [58] outf32=1  BM128 BN128 BK64 stg2 | cons 1x4 (wtile 128x32) ld4 extra0 | thr256 WARPSPEC smemEpi regdb  smem=64KB ldm4b stcs ACCF32 GELU->fp32
  [59] outf32=1  BM256 BN128 BK64 stg2 | cons 4x2 (wtile 64x64) ld0 extra0 | thr256 plain    smemEpi regdb  smem=96KB ldm4b stcs swz8 GELU->fp32
  [60] outf32=1  BM256 BN128 BK64 stg2 | cons 4x2 (wtile 64x64) ld0 extra0 | thr256 plain    smemEpi regdb  smem=96KB ldm4b stcs swz8 split64 GELU->fp32
  [61] outf32=0  BM256 BN128 BK64 stg2 | cons 4x2 (wtile 64x64) ld0 extra0 | thr256 plain    smemEpi regdb  smem=96KB ldm4b stcs swz8 ACCF32
  [62] outf32=1  BM256 BN128 BK64 stg2 | cons 4x2 (wtile 64x64) ld0 extra0 | thr256 plain    smemEpi regdb  smem=96KB ldm4b stcs swz8 ACCF32 GELU->fp32
  [63] outf32=1  BM128 BN256 BK64 stg2 | cons 2x4 (wtile 64x64) ld0 extra0 | thr256 plain    smemEpi regdb  smem=96KB ldm4b stcs GELU->fp32
  [64] outf32=1  BM128 BN256 BK64 stg2 | cons 2x4 (wtile 64x64) ld0 extra0 | thr256 plain    smemEpi regdb  smem=96KB ldm4b stcs split64 GELU->fp32
  [65] outf32=0  BM128 BN256 BK64 stg2 | cons 2x4 (wtile 64x64) ld0 extra0 | thr256 plain    smemEpi regdb  smem=96KB ldm4b stcs ACCF32
  [66] outf32=1  BM128 BN256 BK64 stg2 | cons 2x4 (wtile 64x64) ld0 extra0 | thr256 plain    smemEpi regdb  smem=96KB ldm4b stcs ACCF32 GELU->fp32
  [67] outf32=0  BM128 BN128 BK64 stg2 | cons 1x4 (wtile 128x32) ld4 extra0 | thr256 WARPSPEC smemEpi regdb  smem=64KB ldm4b stcs split64
  [68] outf32=0  BM256 BN128 BK64 stg2 | cons 4x2 (wtile 64x64) ld0 extra0 | thr256 plain    smemEpi regdb  smem=96KB ldm4b stcs swz8 split64
  [69] outf32=0  BM128 BN256 BK64 stg2 | cons 2x4 (wtile 64x64) ld0 extra0 | thr256 plain    smemEpi regdb  smem=96KB ldm4b stcs split64
  [71] outf32=1  BM128 BN128 BK64 stg2 | cons 2x4 (wtile 64x32) ld4 extra0 | thr384 WARPSPEC smemEpi        smem=64KB ldm4b ACCF32 GELU->fp32
  [72] outf32=0  BM128 BN128 BK64 stg2 | cons 2x4 (wtile 64x32) ld4 extra0 | thr384 WARPSPEC smemEpi        smem=64KB ldm4b ACCF32
  [73] outf32=1  BM128 BN128 BK64 stg3 | cons 2x4 (wtile 64x32) ld4 extra0 | thr384 WARPSPEC smemEpi        smem=96KB ldm4b ACCF32 GELU->fp32
  [74] outf32=1  BM128 BN128 BK64 stg2 | cons 2x4 (wtile 64x32) ld0 extra0 | thr256 plain    smemEpi        smem=64KB ldm4b stcs ACCF32 GELU->fp32
  [75] outf32=1  BM128 BN256 BK64 stg2 | cons 2x8 (wtile 64x32) ld0 extra0 | thr512 plain    smemEpi        smem=96KB ldm4b stcs ACCF32 GELU->fp32
  [76] outf32=1  BM256 BN128 BK64 stg2 | cons 4x4 (wtile 64x32) ld0 extra0 | thr512 plain    smemEpi        smem=96KB ldm4b stcs swz8 ACCF32 GELU->fp32

========================================================================================================================

### d512  default    tok1024   M=1024 K=512 N=2048   (2.15 GFLOP, out 8.0 MB fp32)
  BASELINE  addmm fp16                 18.205 us   (117.96 TF)
  BASELINE  compiled cast+gelu          4.881 us
  BASELINE  chain (what we replace)    23.110 us  <== the number every fused arm is judged against
  arm                     cfg  kernel us  total us  vs chain
  fp16acc  gemm-only       26     11.314    16.164    x1.430
  fp16acc  gemm-only       39     11.301    16.212    x1.426
  fp16acc  fused-gelu      51     16.963    16.963    x1.362
  fp16acc  gemm-only       48     12.160    17.073    x1.354
  fp16acc  gemm-only       67     12.270    17.185    x1.345
  fp16acc  fused-gelu      52     17.690    17.690    x1.306
  fp16acc  fused-gelu      55     18.103    18.103    x1.277
  fp16acc  fused-gelu      56     18.989    18.989    x1.217
  ACCF32   gemm-only       53     17.734    22.628    x1.021
  ACCF32   gemm-only       57     17.798    22.701    x1.018
  ACCF32   gemm-only       72     18.045    22.898    x1.009
  fp16acc  fused-gelu      63     22.992    22.992    x1.005
  ACCF32   fused-gelu      73     23.275    23.275    x0.993
  ACCF32   fused-gelu      71     23.617    23.617    x0.979
  ACCF32   fused-gelu      54     24.083    24.083    x0.960
  ACCF32   fused-gelu      74     24.091    24.091    x0.959
  fp16acc  fused-gelu      59     24.132    24.132    x0.958
  ACCF32   fused-gelu      58     24.292    24.292    x0.951
  fp16acc  gemm-only       33     19.671    24.537    x0.942
  fp16acc  gemm-only       37     19.788    24.656    x0.937
  fp16acc  fused-gelu      64     25.249    25.249    x0.915
  fp16acc  fused-gelu      60     26.003    26.003    x0.889
  fp16acc  gemm-only       68     21.678    26.476    x0.873
  fp16acc  gemm-only       69     21.730    26.582    x0.869
  ACCF32   fused-gelu      66     36.544    36.544    x0.632
  ACCF32   fused-gelu      62     37.223    37.223    x0.621
  ACCF32   gemm-only       65     33.074    37.986    x0.608
  ACCF32   gemm-only       61     33.160    38.074    x0.607
  ACCF32   fused-gelu      76     38.122    38.122    x0.606
  ACCF32   fused-gelu      75     39.046    39.046    x0.592

### d512  long_seq   tok8192   M=8192 K=512 N=2048   (17.18 GFLOP, out 64.0 MB fp32)
  BASELINE  addmm fp16                115.566 us   (148.66 TF)
  BASELINE  compiled cast+gelu        110.617 us
  BASELINE  chain (what we replace)   218.675 us  <== the number every fused arm is judged against
  arm                     cfg  kernel us  total us  vs chain
  fp16acc  fused-gelu      55    108.085   108.085    x2.023
  fp16acc  fused-gelu      63    113.824   113.824    x1.921
  fp16acc  fused-gelu      51    113.851   113.851    x1.921
  fp16acc  fused-gelu      52    117.629   117.629    x1.859
  fp16acc  fused-gelu      59    118.932   118.932    x1.839
  fp16acc  fused-gelu      56    121.592   121.592    x1.798
  fp16acc  fused-gelu      64    125.865   125.865    x1.737
  fp16acc  fused-gelu      60    129.123   129.123    x1.694
  ACCF32   fused-gelu      58    153.712   153.712    x1.423
  ACCF32   fused-gelu      71    154.096   154.096    x1.419
  ACCF32   fused-gelu      54    154.232   154.232    x1.418
  ACCF32   fused-gelu      74    154.237   154.237    x1.418
  ACCF32   fused-gelu      73    154.455   154.455    x1.416
  ACCF32   fused-gelu      66    167.053   167.053    x1.309
  fp16acc  gemm-only       26     79.176   167.767    x1.303
  ACCF32   fused-gelu      62    168.186   168.186    x1.300
  fp16acc  gemm-only       48     85.496   171.460    x1.275
  ACCF32   fused-gelu      76    176.548   176.548    x1.239
  ACCF32   fused-gelu      75    178.728   178.728    x1.224
  fp16acc  gemm-only       33     80.947   186.335    x1.174
  fp16acc  gemm-only       37     81.121   186.929    x1.170
  fp16acc  gemm-only       39     79.642   191.843    x1.140
  fp16acc  gemm-only       67     87.173   195.525    x1.118
  fp16acc  gemm-only       69     90.890   196.846    x1.111
  fp16acc  gemm-only       68     90.716   197.156    x1.109
  ACCF32   gemm-only       72    131.671   209.305    x1.045
  ACCF32   gemm-only       53    129.167   209.984    x1.041
  ACCF32   gemm-only       57    129.787   232.309    x0.941
  ACCF32   gemm-only       61    134.177   238.428    x0.917
  ACCF32   gemm-only       65    134.272   238.884    x0.915

### d512  large_batch t32768   M=32768 K=512 N=2048   (68.72 GFLOP, out 256.0 MB fp32)
  BASELINE  addmm fp16                452.352 us   (151.92 TF)
  BASELINE  compiled cast+gelu        442.955 us
  BASELINE  chain (what we replace)   894.969 us  <== the number every fused arm is judged against
  arm                     cfg  kernel us  total us  vs chain
  fp16acc  fused-gelu      59    406.209   406.209    x2.203
  fp16acc  fused-gelu      63    407.091   407.091    x2.198
  fp16acc  fused-gelu      55    425.972   425.972    x2.101
  fp16acc  fused-gelu      60    442.112   442.112    x2.024
  fp16acc  fused-gelu      56    449.385   449.385    x1.992
  fp16acc  fused-gelu      64    459.311   459.311    x1.949
  fp16acc  fused-gelu      51    465.380   465.380    x1.923
  fp16acc  fused-gelu      52    475.136   475.136    x1.884
  ACCF32   fused-gelu      58    576.370   576.370    x1.553
  ACCF32   fused-gelu      74    591.588   591.588    x1.513
  ACCF32   fused-gelu      54    592.953   592.953    x1.509
  ACCF32   fused-gelu      66    596.935   596.935    x1.499
  ACCF32   fused-gelu      62    597.163   597.163    x1.499
  ACCF32   fused-gelu      71    597.925   597.925    x1.497
  ACCF32   fused-gelu      73    599.182   599.182    x1.494
  ACCF32   fused-gelu      76    603.722   603.722    x1.482
  ACCF32   fused-gelu      75    608.512   608.512    x1.471
  fp16acc  gemm-only       37    311.657   746.354    x1.199
  fp16acc  gemm-only       33    308.025   747.150    x1.198
  fp16acc  gemm-only       26    359.196   777.273    x1.151
  fp16acc  gemm-only       68    342.329   778.752    x1.149
  fp16acc  gemm-only       69    342.016   781.312    x1.145
  fp16acc  gemm-only       39    316.900   787.769    x1.136
  fp16acc  gemm-only       48    361.244   794.766    x1.126
  fp16acc  gemm-only       67    341.760   805.035    x1.112
  ACCF32   gemm-only       53    522.007   951.723    x0.940
  ACCF32   gemm-only       61    522.951   956.587    x0.936
  ACCF32   gemm-only       57    512.996   957.489    x0.935
  ACCF32   gemm-only       65    520.761   958.180    x0.934
  ACCF32   gemm-only       72    538.159   966.030    x0.926

### d128  #1  B64    tok8192   M=8192 K=128 N=128   (0.27 GFLOP, out 4.0 MB fp32)
  BASELINE  addmm fp16                  5.063 us   ( 53.02 TF)
  BASELINE  compiled cast+gelu          3.182 us
  BASELINE  chain (what we replace)     8.202 us  <== the number every fused arm is judged against
  arm                     cfg  kernel us  total us  vs chain
  fp16acc  fused-gelu      51      6.727     6.727    x1.219
  fp16acc  fused-gelu      52      6.817     6.817    x1.203
  fp16acc  fused-gelu      55      7.076     7.076    x1.159
  fp16acc  fused-gelu      56      7.478     7.478    x1.097
  fp16acc  gemm-only       26      4.718     7.859    x1.044
  fp16acc  gemm-only       39      4.749     7.898    x1.039
  fp16acc  gemm-only       48      5.018     8.171    x1.004
  fp16acc  gemm-only       67      5.048     8.202    x1.000
  ACCF32   fused-gelu      74      8.279     8.279    x0.991
  ACCF32   fused-gelu      71      8.384     8.384    x0.978
  ACCF32   fused-gelu      73      8.389     8.389    x0.978
  ACCF32   fused-gelu      58      8.632     8.632    x0.950
  ACCF32   fused-gelu      54      8.970     8.970    x0.914
  ACCF32   gemm-only       53      6.446     9.597    x0.855
  ACCF32   gemm-only       57      6.481     9.638    x0.851
  ACCF32   gemm-only       72      6.559     9.715    x0.844
  fp16acc  gemm-only       37      7.073    10.214    x0.803
  fp16acc  fused-gelu      59     10.728    10.728    x0.765
  fp16acc  gemm-only       68      7.659    10.749    x0.763
  fp16acc  fused-gelu      60     11.348    11.348    x0.723
  ACCF32   gemm-only       61     10.516    13.658    x0.601
  ACCF32   fused-gelu      76     13.872    13.872    x0.591
  ACCF32   fused-gelu      62     14.203    14.203    x0.578

### d128  #13 S1024  tok65536   M=65536 K=128 N=128   (2.15 GFLOP, out 32.0 MB fp32)
  BASELINE  addmm fp16                 21.437 us   (100.17 TF)
  BASELINE  compiled cast+gelu         16.023 us
  BASELINE  chain (what we replace)    37.670 us  <== the number every fused arm is judged against
  arm                     cfg  kernel us  total us  vs chain
  fp16acc  fused-gelu      51     31.493    31.493    x1.196
  fp16acc  fused-gelu      52     31.690    31.690    x1.189
  fp16acc  gemm-only       39     17.925    34.104    x1.105
  fp16acc  gemm-only       37     18.396    34.813    x1.082
  fp16acc  gemm-only       26     17.720    34.888    x1.080
  fp16acc  gemm-only       67     19.008    35.266    x1.068
  fp16acc  fused-gelu      55     36.224    36.224    x1.040
  fp16acc  gemm-only       48     19.200    36.393    x1.035
  fp16acc  gemm-only       68     20.526    37.530    x1.004
  ACCF32   fused-gelu      73     37.842    37.842    x0.995
  fp16acc  fused-gelu      56     38.356    38.356    x0.982
  ACCF32   fused-gelu      71     38.548    38.548    x0.977
  ACCF32   fused-gelu      74     39.327    39.327    x0.958
  ACCF32   gemm-only       57     24.614    40.813    x0.923
  ACCF32   fused-gelu      58     41.062    41.062    x0.917
  ACCF32   gemm-only       61     25.152    41.544    x0.907
  ACCF32   fused-gelu      54     41.725    41.725    x0.903
  ACCF32   gemm-only       53     24.658    41.953    x0.898
  ACCF32   gemm-only       72     25.077    42.271    x0.891
  fp16acc  fused-gelu      59     43.643    43.643    x0.863
  fp16acc  fused-gelu      60     44.429    44.429    x0.848
  ACCF32   fused-gelu      62     48.607    48.607    x0.775
  ACCF32   fused-gelu      76     50.969    50.969    x0.739

### d1024 #8  B64    tok8192   M=8192 K=1024 N=1024   (17.18 GFLOP, out 32.0 MB fp32)
  BASELINE  addmm fp16                111.020 us   (154.75 TF)
  BASELINE  compiled cast+gelu         16.020 us
  BASELINE  chain (what we replace)   127.250 us  <== the number every fused arm is judged against
  arm                     cfg  kernel us  total us  vs chain
  fp16acc  fused-gelu      51     83.714    83.714    x1.520
  fp16acc  fused-gelu      52     89.800    89.800    x1.417
  fp16acc  gemm-only       26     69.809    90.155    x1.411
  fp16acc  gemm-only       39     76.462    90.546    x1.405
  fp16acc  gemm-only       33     75.466    91.811    x1.386
  fp16acc  gemm-only       37     76.431    92.257    x1.379
  fp16acc  fused-gelu      55     92.336    92.336    x1.378
  fp16acc  fused-gelu      63     93.665    93.665    x1.359
  fp16acc  fused-gelu      59     97.646    97.646    x1.303
  fp16acc  fused-gelu      56     98.593    98.593    x1.291
  fp16acc  gemm-only       67     81.825    99.930    x1.273
  fp16acc  gemm-only       68     83.469   100.234    x1.270
  fp16acc  gemm-only       48     80.922   100.275    x1.269
  fp16acc  gemm-only       69     84.367   100.843    x1.262
  fp16acc  fused-gelu      64    103.657   103.657    x1.228
  fp16acc  fused-gelu      60    104.463   104.463    x1.218
  ACCF32   fused-gelu      73    137.080   137.080    x0.928
  ACCF32   gemm-only       57    121.318   137.441    x0.926
  ACCF32   fused-gelu      58    137.472   137.472    x0.926
  ACCF32   fused-gelu      71    137.682   137.682    x0.924
  ACCF32   gemm-only       53    120.548   137.830    x0.923
  ACCF32   fused-gelu      54    137.969   137.969    x0.922
  ACCF32   fused-gelu      74    139.912   139.912    x0.910
  ACCF32   gemm-only       72    123.046   140.554    x0.905
  ACCF32   gemm-only       61    126.490   142.840    x0.891
  ACCF32   gemm-only       65    126.896   143.278    x0.888
  ACCF32   fused-gelu      66    146.506   146.506    x0.869
  ACCF32   fused-gelu      62    148.191   148.191    x0.859
  ACCF32   fused-gelu      76    150.282   150.282    x0.847
  ACCF32   fused-gelu      75    150.390   150.390    x0.846

========================================================================================================================
WHOLE-MODEL DILUTION -- ffn_in is 1 of 4 GEMMs per layer; 6 layers at d512. Optimized forward medians from results/g4_3_ship_verify_final_run130.log: long_seq 4.3875 ms, large_batch 16.2181 ms, default 0.5571 ms.
