INFO:    gocryptfs not found, will not be able to use gocryptfs
USDT:2026-08-27 16:28:21 169246:169246 SyncActivityProfilerHandler.cpp:52] profiler_start
USDT:2026-08-27 16:28:21 169246:169246 SyncActivityProfilerHandler.cpp:59] profiler_stop
USDT:2026-08-27 16:29:18 169246:169246 SyncActivityProfilerHandler.cpp:52] profiler_start
USDT:2026-08-27 16:29:19 169246:169246 SyncActivityProfilerHandler.cpp:59] profiler_stop
USDT:2026-08-27 16:29:26 169246:169246 SyncActivityProfilerHandler.cpp:52] profiler_start
USDT:2026-08-27 16:29:26 169246:169246 SyncActivityProfilerHandler.cpp:59] profiler_stop
USDT:2026-08-27 16:29:41 169246:169246 SyncActivityProfilerHandler.cpp:52] profiler_start
USDT:2026-08-27 16:29:41 169246:169246 SyncActivityProfilerHandler.cpp:59] profiler_stop
torch=2.13.0+cu130 gpu=NVIDIA GeForce RTX 4090

================ row1_d128_small  B=64 S=128 d=128 h=4 ffn=128 L=4 tok=8192 ================
  baseline wall    1.0051 ms | optimized wall    0.2087 ms | speedup 4.815x
  EAGER stages x4L:  cast+QKV   0.1072ms (30.9%) | SDPA   0.0379ms (10.9%) | FFN   0.2013ms (58.1%)  [sum 0.3465ms]
  COMPILED census: 34 kern/fwd, 0.2088ms summed (100.0% of wall)
     SDPA      0.0294ms (14.1%)
     GEMM      0.1201ms (57.5%)
     GELU      0.0124ms ( 5.9%)
     ELEM      0.0470ms (22.5%)
  top kernels (us/fwd, count/fwd, bucket, name):
        46.069us    4.00x  [GEMM ] ampere_fp16_s16816gemm_fp16_128x64_ldg8_relu_f2f_tn
        41.777us    8.00x  [GEMM ] void cutlass::Kernel2<cutlass_80_wmma_tensorop_f16_s161616gemm_f16_32x32
        32.251us    4.00x  [GEMM ] void cutlass::Kernel2<cutlass_80_tensorop_s1688gemm_64x64_16x6_tn_align4
        29.416us    4.00x  [SDPA ] void pytorch_flash::flash_fwd_kernel<Flash_fwd_kernel_traits<32, 128, 12
        12.362us    4.00x  [GELU ] triton_poi_fused__to_copy_gelu_view_2
         6.899us    1.00x  [ELEM ] void at::native::(anonymous namespace)::multi_tensor_apply_kernel<at::na
         6.515us    1.00x  [ELEM ] triton_per_fused__to_copy_add_addmm_native_layer_norm_view_7
         5.726us    1.00x  [ELEM ] triton_per_fused__to_copy_native_layer_norm_0
         5.545us    1.00x  [ELEM ] triton_per_fused__to_copy_add_addmm_native_layer_norm_view_4
         5.521us    1.00x  [ELEM ] triton_per_fused__to_copy_add_addmm_native_layer_norm_view_8
         5.314us    2.00x  [ELEM ] triton_per_fused__to_copy_add_native_layer_norm_view_1
         3.989us    1.00x  [ELEM ] triton_per_fused__to_copy_add_addmm_native_layer_norm_view_3
  FFN-fusion roofline (d128): ffn_out FP16 GEMM 0.0075ms | hidden-copy 0.0041ms | measured BW 1033 GB/s | est [tok,128] round-trip 0.0041ms (54% of the GEMM -> EXPOSED, fuse candidate)

================ row6_d128_largebatch  B=10000 S=128 d=128 h=4 ffn=128 L=4 tok=1280000 ================
  baseline wall  290.5551 ms | optimized wall   52.4954 ms | speedup 5.535x
  EAGER stages x4L:  cast+QKV  16.4196ms (29.3%) | SDPA  10.4348ms (18.6%) | FFN  29.1586ms (52.1%)  [sum 56.0130ms]
  COMPILED census: 39 kern/fwd, 52.5003ms summed (100.0% of wall)
     SDPA     10.6573ms (20.3%)
     GEMM     17.1109ms (32.6%)
     GELU      4.2971ms ( 8.2%)
     ELEM     20.4350ms (38.9%)
  top kernels (us/fwd, count/fwd, bucket, name):
     11393.915us   12.00x  [GEMM ] ampere_fp16_s1688gemm_fp16_128x128_ldg8_relu_f2f_stages_32x1_tn
     10657.303us    4.00x  [SDPA ] void pytorch_flash::flash_fwd_kernel<Flash_fwd_kernel_traits<32, 128, 12
      5716.970us    8.00x  [GEMM ] void cutlass::Kernel2<cutlass_80_tensorop_s1688gemm_64x64_16x6_tn_align4
      4297.127us    4.00x  [GELU ] triton_poi_fused__to_copy_gelu_view_2
      3510.956us    1.00x  [ELEM ] triton_per_fused__to_copy_add_addmm_native_layer_norm_view_7
      3170.923us    1.00x  [ELEM ] triton_per_fused__to_copy_add_addmm_native_layer_norm_view_4
      2814.362us    2.00x  [ELEM ] triton_per_fused__to_copy_add_native_layer_norm_view_1
      2437.451us    1.00x  [ELEM ] triton_per_fused__to_copy_add_addmm_native_layer_norm_view_8
      2114.886us    1.00x  [ELEM ] triton_per_fused__to_copy_add_addmm_native_layer_norm_view_6
      2108.503us    1.00x  [ELEM ] triton_per_fused__to_copy_add_addmm_native_layer_norm_view_3
      1755.411us    1.00x  [ELEM ] triton_per_fused__to_copy_add_addmm_native_layer_norm_view_5
      1475.006us    2.00x  [ELEM ] void at::native::(anonymous namespace)::multi_tensor_apply_kernel<at::na
  FFN-fusion roofline (d128): ffn_out FP16 GEMM 0.7156ms | hidden-copy 0.7129ms | measured BW 919 GB/s | est [tok,128] round-trip 0.7129ms (100% of the GEMM -> EXPOSED, fuse candidate)

================ row8_d1024_wide  B=64 S=128 d=1024 h=4 ffn=1024 L=4 tok=8192 ================
  baseline wall    8.3417 ms | optimized wall    4.3252 ms | speedup 1.929x
  EAGER stages x4L:  cast+QKV   1.6233ms (42.8%) | SDPA   0.1650ms ( 4.3%) | FFN   2.0082ms (52.9%)  [sum 3.7965ms]
  COMPILED census: 34 kern/fwd, 4.3383ms summed (100.3% of wall)
     SDPA      0.2815ms ( 6.5%)
     GEMM      3.1479ms (72.6%)
     GELU      0.1238ms ( 2.9%)
     ELEM      0.7850ms (18.1%)
  top kernels (us/fwd, count/fwd, bucket, name):
      2222.780us   12.00x  [GEMM ] ampere_fp16_s1688gemm_fp16_128x128_ldg8_relu_f2f_stages_32x1_tn
       925.128us    4.00x  [GEMM ] void cutlass::Kernel2<cutlass_80_tensorop_s1688gemm_256x128_16x3_tn_alig
       281.543us    4.00x  [SDPA ] void pytorch_flash::flash_fwd_kernel<Flash_fwd_kernel_traits<256, 64, 64
       144.205us    1.00x  [ELEM ] triton_per_fused__to_copy_add_addmm_native_layer_norm_view_4
       143.757us    1.00x  [ELEM ] triton_per_fused__to_copy_add_addmm_native_layer_norm_view_7
       123.828us    4.00x  [GELU ] triton_poi_fused__to_copy_gelu_view_2
        90.548us    2.00x  [ELEM ] triton_per_fused__to_copy_add_native_layer_norm_view_1
        87.892us    1.00x  [ELEM ] triton_per_fused__to_copy_add_addmm_native_layer_norm_view_6
        87.572us    1.00x  [ELEM ] triton_per_fused__to_copy_add_addmm_native_layer_norm_view_8
        86.576us    1.00x  [ELEM ] void at::native::(anonymous namespace)::multi_tensor_apply_kernel<at::na
        76.998us    1.00x  [ELEM ] triton_per_fused__to_copy_add_addmm_native_layer_norm_view_3
        53.996us    1.00x  [ELEM ] triton_per_fused__to_copy_add_addmm_native_layer_norm_view_5

================ row13_d128_longseq  B=64 S=1024 d=128 h=4 ffn=128 L=4 tok=65536 ================
  baseline wall   70.1530 ms | optimized wall    2.2278 ms | speedup 31.490x
  EAGER stages x4L:  cast+QKV   0.6185ms (27.2%) | SDPA   0.6585ms (29.0%) | FFN   0.9951ms (43.8%)  [sum 2.2721ms]
  COMPILED census: 34 kern/fwd, 2.2327ms summed (100.2% of wall)
     SDPA      0.7199ms (32.2%)
     GEMM      0.5832ms (26.1%)
     GELU      0.1313ms ( 5.9%)
     ELEM      0.7984ms (35.8%)
  top kernels (us/fwd, count/fwd, bucket, name):
       719.868us    4.00x  [SDPA ] void pytorch_flash::flash_fwd_kernel<Flash_fwd_kernel_traits<32, 128, 12
       397.707us   12.00x  [GEMM ] ampere_fp16_s1688gemm_fp16_128x128_ldg8_relu_f2f_stages_32x1_tn
       185.457us    4.00x  [GEMM ] void cutlass::Kernel2<cutlass_80_tensorop_s1688gemm_64x64_16x6_tn_align4
       146.347us    1.00x  [ELEM ] triton_per_fused__to_copy_add_addmm_native_layer_norm_view_4
       137.223us    1.00x  [ELEM ] triton_per_fused__to_copy_add_addmm_native_layer_norm_view_7
       131.275us    4.00x  [GELU ] triton_poi_fused__to_copy_gelu_view_2
        95.664us    2.00x  [ELEM ] triton_per_fused__to_copy_add_native_layer_norm_view_1
        88.086us    1.00x  [ELEM ] void at::native::(anonymous namespace)::multi_tensor_apply_kernel<at::na
        84.825us    1.00x  [ELEM ] triton_per_fused__to_copy_add_addmm_native_layer_norm_view_6
        82.096us    1.00x  [ELEM ] triton_per_fused__to_copy_add_addmm_native_layer_norm_view_8
        76.665us    1.00x  [ELEM ] triton_per_fused__to_copy_add_addmm_native_layer_norm_view_3
        52.526us    1.00x  [ELEM ] triton_per_fused__to_copy_add_addmm_native_layer_norm_view_5
  FFN-fusion roofline (d128): ffn_out FP16 GEMM 0.0225ms | hidden-copy 0.0101ms | measured BW 3335 GB/s | est [tok,128] round-trip 0.0101ms (45% of the GEMM -> EXPOSED, fuse candidate)

