INFO:    gocryptfs not found, will not be able to use gocryptfs
[1/3] c++ -MMD -MF g5_mega_causal.o.d -DTORCH_EXTENSION_NAME=g5_mega_causal -DTORCH_API_INCLUDE_EXTENSION_H -isystem /usr/local/lib/python3.12/dist-packages/torch/include -isystem /usr/local/lib/python3.12/dist-packages/torch/include/torch/csrc/api/include -isystem /usr/local/cuda/include -isystem /usr/include/python3.12 -fPIC -std=c++20 -c /work/csrc/g5_mega_causal.cpp -o g5_mega_causal.o 
[2/3] /usr/local/cuda/bin/nvcc -MD -MF g5_mega_causal.cuda.o.d -DTORCH_EXTENSION_NAME=g5_mega_causal -DTORCH_API_INCLUDE_EXTENSION_H -isystem /usr/local/lib/python3.12/dist-packages/torch/include -isystem /usr/local/lib/python3.12/dist-packages/torch/include/torch/csrc/api/include -isystem /usr/local/cuda/include -isystem /usr/include/python3.12 -D__CUDA_NO_HALF_OPERATORS__ -D__CUDA_NO_HALF_CONVERSIONS__ -D__CUDA_NO_BFLOAT16_CONVERSIONS__ -D__CUDA_NO_HALF2_OPERATORS__ --expt-relaxed-constexpr --compiler-options '-fPIC' -gencode=arch=compute_89,code=sm_89 -Xptxas -v -diag-suppress 179 -std=c++20 -c /work/csrc/g5_mega_causal.cu -o g5_mega_causal.cuda.o 
/work/csrc/g5_mega_causal.cu(166): warning #177-D: variable "sO" was declared but never referenced
    float *sO = (float *)sA;
           ^

Remark: The warnings can be suppressed with "-diag-suppress <warning-number>"

/work/csrc/g5_mega_causal.cu(40): warning #177-D: variable "<unnamed>::KB8" was declared but never referenced
  constexpr int KB8 = D / 8;
                ^

/work/csrc/g5_mega_causal.cu(57): warning #177-D: function "<unnamed>::mma8_tf32" was declared but never referenced
                            void mma8_tf32(float (&c)[4], const uint32_t (&a)[4],
                                 ^

ptxas info    : 31 bytes gmem, 248 bytes cmem[4]
ptxas info    : Compiling entry function '_ZN50_GLOBAL__N__2ca84b94_17_g5_mega_causal_cu_177639a911mega_kernelEPKfPfPK6__halfS5_S5_S5_S5_S5_S1_S1_S1_S1_i' for 'sm_89'
ptxas info    : Function properties for _ZN50_GLOBAL__N__2ca84b94_17_g5_mega_causal_cu_177639a911mega_kernelEPKfPfPK6__halfS5_S5_S5_S5_S5_S1_S1_S1_S1_i
    1936 bytes stack frame, 1724 bytes spill stores, 2436 bytes spill loads
ptxas info    : Used 255 registers, used 1 barriers, 1936 bytes cumulative stack size, 452 bytes cmem[0]
ptxas info    : Compile time = 1487.472 ms
[3/3] c++ g5_mega_causal.o g5_mega_causal.cuda.o -shared -L/usr/local/lib/python3.12/dist-packages/torch/lib -lc10 -lc10_cuda -ltorch_cpu -ltorch_cuda -ltorch -ltorch_python -L/usr/local/cuda/lib64 -lcudart -o g5_mega_causal.so
  qkv_w  (4, 384, 128) torch.float16
  qkv_b  (4, 384) torch.float16
  op_w   (4, 128, 128) torch.float16
  op_b   (4, 128) torch.float16
  fi_w   (4, 128, 128) torch.float16
  fi_b   (4, 128) torch.float16
  fo_w   (4, 128, 128) torch.float32
  fo_b   (4, 128) torch.float32
  fn_w   (128,) torch.float32
  fn_b   (128,) torch.float32
  norm1.eps = 1e-05  norm2.eps = 1e-05  final_norm.eps = 1e-05
trial 0: max|mega-shipped_ref|=1.331e-03  max|mega-fp64|=1.437e-03 (fail 0)  | shipped max|.-fp64|=1.276e-03 (fail 0)
trial 1: max|mega-shipped_ref|=1.299e-03  max|mega-fp64|=1.415e-03 (fail 0)  | shipped max|.-fp64|=1.278e-03 (fail 0)
trial 2: max|mega-shipped_ref|=1.217e-03  max|mega-fp64|=1.146e-03 (fail 0)  | shipped max|.-fp64|=1.457e-03 (fail 0)
trial 3: max|mega-shipped_ref|=1.389e-03  max|mega-fp64|=1.208e-03 (fail 0)  | shipped max|.-fp64|=1.405e-03 (fail 0)
trial 4: max|mega-shipped_ref|=1.173e-03  max|mega-fp64|=1.332e-03 (fail 0)  | shipped max|.-fp64|=1.492e-03 (fail 0)
OVERALL: PASS
======================== SPEED ========================
max|mega - compiled_shipped| over [10000,128,128] = 1.758e-03

row 6 (B=10000):
  shipped compiled causal :    52.502 ms
  G5.MEGA (scalar)        :   307.780 ms   x0.171

  slower -- Phase 1 optimisation needed
