=== SHAPE: tiny ===
INFO:    gocryptfs not found, will not be able to use gocryptfs
/usr/local/lib/python3.12/dist-packages/torch/_inductor/select_algorithm.py:4799: UserWarning: TypedStorage is deprecated. It will be removed in the future and UntypedStorage will be the only storage class. This should only matter to you if you are using storages directly.  To access UntypedStorage directly, use tensor.untyped_storage() instead of tensor.storage()
  current_out_size = out_base.storage().size()
Autotune Choices Stats:
{"num_choices": 20, "num_triton_choices": 19, "best_kernel": "triton_mm_40", "best_kernel_desc": "ACC_TYPE='tl.float32', ALLOW_TF32=True, BLOCK_K=32, BLOCK_M=32, BLOCK_N=64, EVEN_K=True, GROUP_M=8, USE_FAST_ACCUM=False, num_stages=5, num_warps=8", "best_time": 0.010239999741315842, "best_triton_pos": 0}
AUTOTUNE mm(64x512, 512x2048)
strides: [512, 1], [1, 512]
dtypes: torch.float32, torch.float32
  triton_mm_40 0.0102 ms 100.0% ACC_TYPE='tl.float32', ALLOW_TF32=True, BLOCK_K=32, BLOCK_M=32, BLOCK_N=64, EVEN_K=True, GROUP_M=8, USE_FAST_ACCUM=False, num_stages=5, num_warps=8
  triton_mm_39 0.0113 ms 90.9% ACC_TYPE='tl.float32', ALLOW_TF32=True, BLOCK_K=128, BLOCK_M=32, BLOCK_N=32, EVEN_K=True, GROUP_M=8, USE_FAST_ACCUM=False, num_stages=2, num_warps=4
  mm 0.0122 ms 83.8% 
  triton_mm_41 0.0123 ms 83.3% ACC_TYPE='tl.float32', ALLOW_TF32=True, BLOCK_K=32, BLOCK_M=64, BLOCK_N=32, EVEN_K=True, GROUP_M=8, USE_FAST_ACCUM=False, num_stages=5, num_warps=8
  triton_mm_45 0.0133 ms 76.9% ACC_TYPE='tl.float32', ALLOW_TF32=True, BLOCK_K=64, BLOCK_M=64, BLOCK_N=64, EVEN_K=True, GROUP_M=8, USE_FAST_ACCUM=False, num_stages=3, num_warps=8
  triton_mm_52 0.0133 ms 76.9% ACC_TYPE='tl.float32', ALLOW_TF32=True, BLOCK_K=32, BLOCK_M=64, BLOCK_N=64, EVEN_K=True, GROUP_M=8, USE_FAST_ACCUM=False, num_stages=4, num_warps=8
  triton_mm_42 0.0143 ms 71.4% ACC_TYPE='tl.float32', ALLOW_TF32=True, BLOCK_K=128, BLOCK_M=64, BLOCK_N=32, EVEN_K=True, GROUP_M=8, USE_FAST_ACCUM=False, num_stages=5, num_warps=4
  triton_mm_51 0.0143 ms 71.4% ACC_TYPE='tl.float32', ALLOW_TF32=True, BLOCK_K=32, BLOCK_M=64, BLOCK_N=64, EVEN_K=True, GROUP_M=8, USE_FAST_ACCUM=False, num_stages=3, num_warps=4
  triton_mm_46 0.0164 ms 62.5% ACC_TYPE='tl.float32', ALLOW_TF32=True, BLOCK_K=128, BLOCK_M=64, BLOCK_N=64, EVEN_K=True, GROUP_M=8, USE_FAST_ACCUM=False, num_stages=5, num_warps=4
  triton_mm_47 0.0174 ms 58.8% ACC_TYPE='tl.float32', ALLOW_TF32=True, BLOCK_K=32, BLOCK_M=64, BLOCK_N=128, EVEN_K=True, GROUP_M=8, USE_FAST_ACCUM=False, num_stages=3, num_warps=4
SingleProcess AUTOTUNE benchmarking takes 1.7745 seconds and 0.8610 seconds precompiling for 20 choices
Autotune Choices Stats:
{"num_choices": 20, "num_triton_choices": 19, "best_kernel": "mm", "best_time": 0.015359999611973763, "best_triton_pos": 1, "best_triton_time": 0.02252800017595291, "best_triton_kernel": "triton_mm_58", "best_triton_kernel_desc": "ACC_TYPE='tl.float32', ALLOW_TF32=True, BLOCK_K=128, BLOCK_M=32, BLOCK_N=32, EVEN_K=True, GROUP_M=8, USE_FAST_ACCUM=False, num_stages=2, num_warps=4"}
AUTOTUNE mm(64x2048, 2048x512)
strides: [2048, 1], [1, 2048]
dtypes: torch.float32, torch.float32
  mm 0.0154 ms 100.0% 
  triton_mm_58 0.0225 ms 68.2% ACC_TYPE='tl.float32', ALLOW_TF32=True, BLOCK_K=128, BLOCK_M=32, BLOCK_N=32, EVEN_K=True, GROUP_M=8, USE_FAST_ACCUM=False, num_stages=2, num_warps=4
  triton_mm_60 0.0236 ms 65.2% ACC_TYPE='tl.float32', ALLOW_TF32=True, BLOCK_K=32, BLOCK_M=64, BLOCK_N=32, EVEN_K=True, GROUP_M=8, USE_FAST_ACCUM=False, num_stages=5, num_warps=8
  triton_mm_59 0.0246 ms 62.5% ACC_TYPE='tl.float32', ALLOW_TF32=True, BLOCK_K=32, BLOCK_M=32, BLOCK_N=64, EVEN_K=True, GROUP_M=8, USE_FAST_ACCUM=False, num_stages=5, num_warps=8
  triton_mm_61 0.0266 ms 57.7% ACC_TYPE='tl.float32', ALLOW_TF32=True, BLOCK_K=128, BLOCK_M=64, BLOCK_N=32, EVEN_K=True, GROUP_M=8, USE_FAST_ACCUM=False, num_stages=5, num_warps=4
  triton_mm_64 0.0338 ms 45.5% ACC_TYPE='tl.float32', ALLOW_TF32=True, BLOCK_K=64, BLOCK_M=64, BLOCK_N=64, EVEN_K=True, GROUP_M=8, USE_FAST_ACCUM=False, num_stages=3, num_warps=8
  triton_mm_70 0.0357 ms 43.0% ACC_TYPE='tl.float32', ALLOW_TF32=True, BLOCK_K=32, BLOCK_M=64, BLOCK_N=64, EVEN_K=True, GROUP_M=8, USE_FAST_ACCUM=False, num_stages=3, num_warps=4
  triton_mm_71 0.0369 ms 41.7% ACC_TYPE='tl.float32', ALLOW_TF32=True, BLOCK_K=32, BLOCK_M=64, BLOCK_N=64, EVEN_K=True, GROUP_M=8, USE_FAST_ACCUM=False, num_stages=4, num_warps=8
  triton_mm_65 0.0512 ms 30.0% ACC_TYPE='tl.float32', ALLOW_TF32=True, BLOCK_K=128, BLOCK_M=64, BLOCK_N=64, EVEN_K=True, GROUP_M=8, USE_FAST_ACCUM=False, num_stages=5, num_warps=4
  triton_mm_63 0.0573 ms 26.8% ACC_TYPE='tl.float32', ALLOW_TF32=True, BLOCK_K=32, BLOCK_M=64, BLOCK_N=64, EVEN_K=True, GROUP_M=8, USE_FAST_ACCUM=False, num_stages=2, num_warps=4
SingleProcess AUTOTUNE benchmarking takes 1.5577 seconds and 0.0001 seconds precompiling for 20 choices
Autotune Choices Stats:
{"num_choices": 20, "num_triton_choices": 19, "best_kernel": "triton_mm_2", "best_kernel_desc": "ACC_TYPE='tl.float32', ALLOW_TF32=True, BLOCK_K=32, BLOCK_M=32, BLOCK_N=64, EVEN_K=True, GROUP_M=8, USE_FAST_ACCUM=False, num_stages=5, num_warps=8", "best_time": 0.010239999741315842, "best_triton_pos": 0}
AUTOTUNE addmm(64x1536, 64x512, 512x1536)
strides: [0, 1], [512, 1], [1, 512]
dtypes: torch.float32, torch.float32, torch.float32
  triton_mm_2 0.0102 ms 100.0% ACC_TYPE='tl.float32', ALLOW_TF32=True, BLOCK_K=32, BLOCK_M=32, BLOCK_N=64, EVEN_K=True, GROUP_M=8, USE_FAST_ACCUM=False, num_stages=5, num_warps=8
  triton_mm_1 0.0113 ms 90.9% ACC_TYPE='tl.float32', ALLOW_TF32=True, BLOCK_K=128, BLOCK_M=32, BLOCK_N=32, EVEN_K=True, GROUP_M=8, USE_FAST_ACCUM=False, num_stages=2, num_warps=4
  triton_mm_3 0.0113 ms 90.9% ACC_TYPE='tl.float32', ALLOW_TF32=True, BLOCK_K=32, BLOCK_M=64, BLOCK_N=32, EVEN_K=True, GROUP_M=8, USE_FAST_ACCUM=False, num_stages=5, num_warps=8
  addmm 0.0123 ms 83.3% 
  triton_mm_4 0.0123 ms 83.3% ACC_TYPE='tl.float32', ALLOW_TF32=True, BLOCK_K=128, BLOCK_M=64, BLOCK_N=32, EVEN_K=True, GROUP_M=8, USE_FAST_ACCUM=False, num_stages=5, num_warps=4
  triton_mm_7 0.0123 ms 83.3% ACC_TYPE='tl.float32', ALLOW_TF32=True, BLOCK_K=64, BLOCK_M=64, BLOCK_N=64, EVEN_K=True, GROUP_M=8, USE_FAST_ACCUM=False, num_stages=3, num_warps=8
  triton_mm_14 0.0123 ms 83.3% ACC_TYPE='tl.float32', ALLOW_TF32=True, BLOCK_K=32, BLOCK_M=64, BLOCK_N=64, EVEN_K=True, GROUP_M=8, USE_FAST_ACCUM=False, num_stages=4, num_warps=8
  triton_mm_13 0.0133 ms 77.1% ACC_TYPE='tl.float32', ALLOW_TF32=True, BLOCK_K=32, BLOCK_M=64, BLOCK_N=64, EVEN_K=True, GROUP_M=8, USE_FAST_ACCUM=False, num_stages=3, num_warps=4
  triton_mm_8 0.0163 ms 62.7% ACC_TYPE='tl.float32', ALLOW_TF32=True, BLOCK_K=128, BLOCK_M=64, BLOCK_N=64, EVEN_K=True, GROUP_M=8, USE_FAST_ACCUM=False, num_stages=5, num_warps=4
  triton_mm_6 0.0178 ms 57.6% ACC_TYPE='tl.float32', ALLOW_TF32=True, BLOCK_K=32, BLOCK_M=64, BLOCK_N=64, EVEN_K=True, GROUP_M=8, USE_FAST_ACCUM=False, num_stages=2, num_warps=4
SingleProcess AUTOTUNE benchmarking takes 1.9410 seconds and 0.0004 seconds precompiling for 20 choices
Autotune Choices Stats:
{"num_choices": 20, "num_triton_choices": 19, "best_kernel": "triton_mm_22", "best_kernel_desc": "ACC_TYPE='tl.float32', ALLOW_TF32=True, BLOCK_K=32, BLOCK_M=64, BLOCK_N=32, EVEN_K=True, GROUP_M=8, USE_FAST_ACCUM=False, num_stages=5, num_warps=8", "best_time": 0.0071680000983178616, "best_triton_pos": 0}
AUTOTUNE mm(64x512, 512x512)
strides: [512, 1], [1, 512]
dtypes: torch.float32, torch.float32
  triton_mm_22 0.0072 ms 100.0% ACC_TYPE='tl.float32', ALLOW_TF32=True, BLOCK_K=32, BLOCK_M=64, BLOCK_N=32, EVEN_K=True, GROUP_M=8, USE_FAST_ACCUM=False, num_stages=5, num_warps=8
  triton_mm_20 0.0082 ms 87.5% ACC_TYPE='tl.float32', ALLOW_TF32=True, BLOCK_K=128, BLOCK_M=32, BLOCK_N=32, EVEN_K=True, GROUP_M=8, USE_FAST_ACCUM=False, num_stages=2, num_warps=4
  triton_mm_21 0.0082 ms 87.5% ACC_TYPE='tl.float32', ALLOW_TF32=True, BLOCK_K=32, BLOCK_M=32, BLOCK_N=64, EVEN_K=True, GROUP_M=8, USE_FAST_ACCUM=False, num_stages=5, num_warps=8
  mm 0.0092 ms 78.0% 
  triton_mm_23 0.0092 ms 77.8% ACC_TYPE='tl.float32', ALLOW_TF32=True, BLOCK_K=128, BLOCK_M=64, BLOCK_N=32, EVEN_K=True, GROUP_M=8, USE_FAST_ACCUM=False, num_stages=5, num_warps=4
  triton_mm_32 0.0112 ms 63.8% ACC_TYPE='tl.float32', ALLOW_TF32=True, BLOCK_K=32, BLOCK_M=64, BLOCK_N=64, EVEN_K=True, GROUP_M=8, USE_FAST_ACCUM=False, num_stages=3, num_warps=4
  triton_mm_26 0.0113 ms 63.6% ACC_TYPE='tl.float32', ALLOW_TF32=True, BLOCK_K=64, BLOCK_M=64, BLOCK_N=64, EVEN_K=True, GROUP_M=8, USE_FAST_ACCUM=False, num_stages=3, num_warps=8
  triton_mm_33 0.0113 ms 63.6% ACC_TYPE='tl.float32', ALLOW_TF32=True, BLOCK_K=32, BLOCK_M=64, BLOCK_N=64, EVEN_K=True, GROUP_M=8, USE_FAST_ACCUM=False, num_stages=4, num_warps=8
  triton_mm_27 0.0133 ms 53.8% ACC_TYPE='tl.float32', ALLOW_TF32=True, BLOCK_K=128, BLOCK_M=64, BLOCK_N=64, EVEN_K=True, GROUP_M=8, USE_FAST_ACCUM=False, num_stages=5, num_warps=4
  triton_mm_25 0.0164 ms 43.8% ACC_TYPE='tl.float32', ALLOW_TF32=True, BLOCK_K=32, BLOCK_M=64, BLOCK_N=64, EVEN_K=True, GROUP_M=8, USE_FAST_ACCUM=False, num_stages=2, num_warps=4
SingleProcess AUTOTUNE benchmarking takes 1.7886 seconds and 0.0001 seconds precompiling for 20 choices
=== Configuration ===
TransformerConfig(batch_size=1, seq_len=64, d_model=512, num_heads=8, ffn_dim=2048, num_layers=6, causal=False)
device=cuda, dtype=torch.float32, torch=2.13.0+cu130
gpu=NVIDIA GeForce RTX 4090

=== Accuracy check ===
criterion: abs_error <= 0.001 OR relative_error <= 1.00%
trial 01/5: FAIL | max_abs=0.00241894 | max_rel=44.3345 | failed=262/32768
  worst_index=(0, 14, 73), baseline=0.37424096, optimized=0.3766599
  failed output feature dims=[0, 5, 7, 12, 13, 17, 18, 25, 30, 31, 32, 37, 38, 39, 41, 44]...
trial 02/5: FAIL | max_abs=0.00229735 | max_rel=183.348 | failed=288/32768
  worst_index=(0, 9, 101), baseline=-0.11143171, optimized=-0.10913436
  failed output feature dims=[2, 4, 6, 12, 18, 26, 27, 28, 29, 30, 35, 39, 41, 42, 43, 44]...
trial 03/5: FAIL | max_abs=0.00221407 | max_rel=34.7804 | failed=227/32768
  worst_index=(0, 11, 419), baseline=0.35805568, optimized=0.36026976
  failed output feature dims=[0, 3, 5, 7, 14, 15, 18, 24, 25, 27, 31, 36, 41, 44, 45, 47]...
trial 04/5: FAIL | max_abs=0.00236925 | max_rel=39.4052 | failed=251/32768
  worst_index=(0, 33, 398), baseline=0.16023146, optimized=0.16260071
  failed output feature dims=[1, 20, 21, 22, 23, 24, 27, 33, 34, 37, 38, 39, 41, 42, 43, 47]...
trial 05/5: FAIL | max_abs=0.00220293 | max_rel=6.09279 | failed=222/32768
  worst_index=(0, 40, 71), baseline=-0.56476837, optimized=-0.56256545
  failed output feature dims=[1, 14, 21, 36, 37, 46, 47, 48, 53, 57, 64, 65, 66, 67, 70, 71]...
summary: FAIL | max_abs=0.00241894 | max_rel=183.348 | failed=1250/163840

Performance benchmark skipped because accuracy validation failed.
Use --benchmark-on-failure to benchmark an incorrect implementation anyway.
Command exited with non-zero status 2
wall=21.78s
